Archive member included to satisfy reference by file (symbol)

c:/idrotttek-kurs/toolchain-gd32v-win/compiler/bin/../lib/gcc/riscv64-unknown-elf/8.3.0/rv32imac/ilp32\libgcc.a(divdf3.o)
                              build/delay.o (__divdf3)
c:/idrotttek-kurs/toolchain-gd32v-win/compiler/bin/../lib/gcc/riscv64-unknown-elf/8.3.0/rv32imac/ilp32\libgcc.a(gedf2.o)
                              build/main.o (__gtdf2)
c:/idrotttek-kurs/toolchain-gd32v-win/compiler/bin/../lib/gcc/riscv64-unknown-elf/8.3.0/rv32imac/ilp32\libgcc.a(ledf2.o)
                              build/delay.o (__ltdf2)
c:/idrotttek-kurs/toolchain-gd32v-win/compiler/bin/../lib/gcc/riscv64-unknown-elf/8.3.0/rv32imac/ilp32\libgcc.a(muldf3.o)
                              build/delay.o (__muldf3)
c:/idrotttek-kurs/toolchain-gd32v-win/compiler/bin/../lib/gcc/riscv64-unknown-elf/8.3.0/rv32imac/ilp32\libgcc.a(floatsidf.o)
                              build/gd32v_mpu6500_if.o (__floatsidf)
c:/idrotttek-kurs/toolchain-gd32v-win/compiler/bin/../lib/gcc/riscv64-unknown-elf/8.3.0/rv32imac/ilp32\libgcc.a(floatunsidf.o)
                              build/delay.o (__floatunsidf)
c:/idrotttek-kurs/toolchain-gd32v-win/compiler/bin/../lib/gcc/riscv64-unknown-elf/8.3.0/rv32imac/ilp32\libgcc.a(floatundidf.o)
                              build/delay.o (__floatundidf)
c:/idrotttek-kurs/toolchain-gd32v-win/compiler/bin/../lib/gcc/riscv64-unknown-elf/8.3.0/rv32imac/ilp32\libgcc.a(mulsf3.o)
                              build/lcd.o (__mulsf3)
c:/idrotttek-kurs/toolchain-gd32v-win/compiler/bin/../lib/gcc/riscv64-unknown-elf/8.3.0/rv32imac/ilp32\libgcc.a(fixunssfsi.o)
                              build/lcd.o (__fixunssfsi)
c:/idrotttek-kurs/toolchain-gd32v-win/compiler/bin/../lib/gcc/riscv64-unknown-elf/8.3.0/rv32imac/ilp32\libgcc.a(floatsisf.o)
                              build/mpu6500_driver.o (__floatsisf)
c:/idrotttek-kurs/toolchain-gd32v-win/compiler/bin/../lib/gcc/riscv64-unknown-elf/8.3.0/rv32imac/ilp32\libgcc.a(extendsfdf2.o)
                              build/main.o (__extendsfdf2)
c:/idrotttek-kurs/toolchain-gd32v-win/compiler/bin/../lib/gcc/riscv64-unknown-elf/8.3.0/rv32imac/ilp32\libgcc.a(_lshrdi3.o)
                              c:/idrotttek-kurs/toolchain-gd32v-win/compiler/bin/../lib/gcc/riscv64-unknown-elf/8.3.0/rv32imac/ilp32\libgcc.a(floatundidf.o) (__lshrdi3)
c:/idrotttek-kurs/toolchain-gd32v-win/compiler/bin/../lib/gcc/riscv64-unknown-elf/8.3.0/rv32imac/ilp32\libgcc.a(_ashldi3.o)
                              c:/idrotttek-kurs/toolchain-gd32v-win/compiler/bin/../lib/gcc/riscv64-unknown-elf/8.3.0/rv32imac/ilp32\libgcc.a(floatundidf.o) (__ashldi3)
c:/idrotttek-kurs/toolchain-gd32v-win/compiler/bin/../lib/gcc/riscv64-unknown-elf/8.3.0/rv32imac/ilp32\libgcc.a(_clzsi2.o)
                              c:/idrotttek-kurs/toolchain-gd32v-win/compiler/bin/../lib/gcc/riscv64-unknown-elf/8.3.0/rv32imac/ilp32\libgcc.a(divdf3.o) (__clzsi2)
c:/idrotttek-kurs/toolchain-gd32v-win/compiler/bin/../lib/gcc/riscv64-unknown-elf/8.3.0/rv32imac/ilp32\libgcc.a(_clz.o)
                              c:/idrotttek-kurs/toolchain-gd32v-win/compiler/bin/../lib/gcc/riscv64-unknown-elf/8.3.0/rv32imac/ilp32\libgcc.a(_clzsi2.o) (__clz_tab)
c:/idrotttek-kurs/toolchain-gd32v-win/compiler/bin/../lib/gcc/riscv64-unknown-elf/8.3.0/../../../../riscv64-unknown-elf/lib/rv32imac/ilp32\libc.a(lib_a-atexit.o)
                              build/start.o (atexit)
c:/idrotttek-kurs/toolchain-gd32v-win/compiler/bin/../lib/gcc/riscv64-unknown-elf/8.3.0/../../../../riscv64-unknown-elf/lib/rv32imac/ilp32\libc.a(lib_a-exit.o)
                              build/start.o (exit)
c:/idrotttek-kurs/toolchain-gd32v-win/compiler/bin/../lib/gcc/riscv64-unknown-elf/8.3.0/../../../../riscv64-unknown-elf/lib/rv32imac/ilp32\libc.a(lib_a-fini.o)
                              build/start.o (__libc_fini_array)
c:/idrotttek-kurs/toolchain-gd32v-win/compiler/bin/../lib/gcc/riscv64-unknown-elf/8.3.0/../../../../riscv64-unknown-elf/lib/rv32imac/ilp32\libc.a(lib_a-impure.o)
                              c:/idrotttek-kurs/toolchain-gd32v-win/compiler/bin/../lib/gcc/riscv64-unknown-elf/8.3.0/../../../../riscv64-unknown-elf/lib/rv32imac/ilp32\libc.a(lib_a-exit.o) (_global_impure_ptr)
c:/idrotttek-kurs/toolchain-gd32v-win/compiler/bin/../lib/gcc/riscv64-unknown-elf/8.3.0/../../../../riscv64-unknown-elf/lib/rv32imac/ilp32\libc.a(lib_a-init.o)
                              build/start.o (__libc_init_array)
c:/idrotttek-kurs/toolchain-gd32v-win/compiler/bin/../lib/gcc/riscv64-unknown-elf/8.3.0/../../../../riscv64-unknown-elf/lib/rv32imac/ilp32\libc.a(lib_a-sprintf.o)
                              build/main.o (sprintf)
c:/idrotttek-kurs/toolchain-gd32v-win/compiler/bin/../lib/gcc/riscv64-unknown-elf/8.3.0/../../../../riscv64-unknown-elf/lib/rv32imac/ilp32\libc.a(lib_a-strlen.o)
                              build/main.o (strlen)
[...]
Memory Configuration

Name             Origin             Length             Attributes
flash            0x0000000008000000 0x0000000000020000 axrl !w
ram              0x0000000020000000 0x0000000000008000 axw !rl
*default*        0x0000000000000000 0xffffffffffffffff

Linker script and memory map

LOAD build/gd32vf103_exti.o
LOAD build/gd32vf103_bkp.o
LOAD build/gd32vf103_spi.o
LOAD build/gd32vf103_rcu.o
LOAD build/gd32vf103_wwdgt.o
LOAD build/gd32vf103_adc.o
LOAD build/gd32vf103_pmu.o
LOAD build/gd32vf103_dbg.o
LOAD build/gd32vf103_usart.o
LOAD build/gd32vf103_crc.o
LOAD build/gd32vf103_gpio.o
LOAD build/gd32vf103_fwdgt.o
LOAD build/gd32vf103_timer.o
LOAD build/gd32vf103_fmc.o
LOAD build/gd32vf103_i2c.o
LOAD build/gd32vf103_rtc.o
LOAD build/gd32vf103_can.o
LOAD build/gd32vf103_dac.o
LOAD build/gd32vf103_exmc.o
LOAD build/gd32vf103_dma.o
LOAD build/gd32vf103_eclic.o
LOAD build/system_gd32vf103.o
LOAD build/write_hex.o
LOAD build/sbrk.o
LOAD build/close.o
LOAD build/lseek.o
LOAD build/write.o
LOAD build/_exit.o
LOAD build/isatty.o
LOAD build/fstat.o
LOAD build/read.o
LOAD build/n200_func.o
LOAD build/handlers.o
LOAD build/init.o
LOAD build/delay.o
LOAD build/tf_delay.o
LOAD build/tf_card.o
LOAD build/gd32v_tf_card_if.o
LOAD build/ffunicode.o
LOAD build/ff.o
LOAD build/ffsystem.o
LOAD build/gd32vf103v_eval.o
LOAD build/lcd.o
LOAD build/mpu6500_driver.o
LOAD build/gd32v_mpu6500_if.o
LOAD build/pwm.o
LOAD build/main.o
LOAD build/start.o
LOAD build/entry.o
LOAD c:/idrotttek-kurs/toolchain-gd32v-win/compiler/bin/../lib/gcc/riscv64-unknown-elf/8.3.0/rv32imac/ilp32\libgcc.a
START GROUP
LOAD c:/idrotttek-kurs/toolchain-gd32v-win/compiler/bin/../lib/gcc/riscv64-unknown-elf/8.3.0/../../../../riscv64-unknown-elf/lib/rv32imac/ilp32\libc.a
LOAD c:/idrotttek-kurs/toolchain-gd32v-win/compiler/bin/../lib/gcc/riscv64-unknown-elf/8.3.0/../../../../riscv64-unknown-elf/lib/rv32imac/ilp32\libgloss.a
END GROUP
LOAD c:/idrotttek-kurs/toolchain-gd32v-win/compiler/bin/../lib/gcc/riscv64-unknown-elf/8.3.0/rv32imac/ilp32\libgcc.a
                0x0000000000000800                __stack_size = DEFINED (__stack_size)?__stack_size:0x800

.init           0x0000000008000000      0x254
 *(SORT_NONE(.init))
 .init          0x0000000008000000      0x254 build/start.o
                0x000000000800015c                _start
                0x0000000008000246                disable_mcycle_minstret
                0x000000000800024c                enable_mcycle_minstret

.ilalign        0x0000000008000254        0x0
                0x0000000008000254                . = ALIGN (0x4)
                [!provide]                        PROVIDE (_ilm_lma = .)

.ialign         0x0000000008000254        0x0
                [!provide]                        PROVIDE (_ilm = .)

.text           0x0000000008000280     0xf3fc
 *(.rodata .rodata.*)
 .rodata.write_hex.str1.4
                0x0000000008000280        0x3 build/write_hex.o
 *fill*         0x0000000008000283        0x1 
 .rodata._exit.str1.4
                0x0000000008000284       0x1f build/_exit.o
                                         0x23 (size before relaxing)
 *fill*         0x00000000080002a3        0x1 
 .rodata.handle_nmi.str1.4
                0x00000000080002a4        0x5 build/handlers.o
 *fill*         0x00000000080002a9        0x3 
 .rodata.handle_trap.str1.4
                0x00000000080002ac        0x6 build/handlers.o
 *fill*         0x00000000080002b2        0x6 
 .rodata.delay_1ms.cst8
                0x00000000080002b8        0x8 build/delay.o
 .rodata.wait_ready.cst8
                0x00000000080002c0        0x8 build/tf_card.o
 .rodata.check_fs.str1.4
                0x00000000080002c0        0x6 build/ff.o
 *fill*         0x00000000080002c6        0x2 
 .rodata.f_open.str1.4
                0x00000000080002c8        0xf build/ff.o
 .rodata.mpu_delay.cst8
                0x00000000080002d7        0x8 build/gd32v_mpu6500_if.o
 *fill*         0x00000000080002d7        0x1 
 .rodata.SendToSD.str1.4
                0x00000000080002d8        0xd build/main.o
                                         0x11 (size before relaxing)
 *fill*         0x00000000080002e5        0x3 
 .rodata.main.cst4
                0x00000000080002e8        0x4 build/main.o
 *fill*         0x00000000080002ec        0x4 
 .rodata.main.cst8
                0x00000000080002f0       0x20 build/main.o
                                         0x28 (size before relaxing)
 .rodata        0x0000000008000310       0x3c c:/idrotttek-kurs/toolchain-gd32v-win/compiler/bin/../lib/gcc/riscv64-unknown-elf/8.3.0/rv32imac/ilp32\libgcc.a(divdf3.o)
 .rodata        0x000000000800034c       0x3c c:/idrotttek-kurs/toolchain-gd32v-win/compiler/bin/../lib/gcc/riscv64-unknown-elf/8.3.0/rv32imac/ilp32\libgcc.a(muldf3.o)
 .rodata        0x0000000008000388       0x3c c:/idrotttek-kurs/toolchain-gd32v-win/compiler/bin/../lib/gcc/riscv64-unknown-elf/8.3.0/rv32imac/ilp32\libgcc.a(mulsf3.o)
 .rodata        0x00000000080003c4      0x100 c:/idrotttek-kurs/toolchain-gd32v-win/compiler/bin/../lib/gcc/riscv64-unknown-elf/8.3.0/rv32imac/ilp32\libgcc.a(_clz.o)
                0x00000000080003c4                __clz_tab
 .rodata        0x00000000080004c4      0x18c c:/idrotttek-kurs/toolchain-gd32v-win/compiler/bin/../lib/gcc/riscv64-unknown-elf/8.3.0/../../../../riscv64-unknown-elf/lib/rv32imac/ilp32\libc.a(lib_a-svfprintf.o)
 .rodata.str1.4
                0x0000000008000650       0x42 c:/idrotttek-kurs/toolchain-gd32v-win/compiler/bin/../lib/gcc/riscv64-unknown-elf/8.3.0/../../../../riscv64-unknown-elf/lib/rv32imac/ilp32\libc.a(lib_a-svfprintf.o)
 *fill*         0x0000000008000692        0x2 
 .rodata        0x0000000008000694      0x252 c:/idrotttek-kurs/toolchain-gd32v-win/compiler/bin/../lib/gcc/riscv64-unknown-elf/8.3.0/../../../../riscv64-unknown-elf/lib/rv32imac/ilp32\libc.a(lib_a-ldtoa.o)
 *fill*         0x00000000080008e6        0x2 
 .rodata.str1.4
                0x00000000080008e8       0x28 c:/idrotttek-kurs/toolchain-gd32v-win/compiler/bin/../lib/gcc/riscv64-unknown-elf/8.3.0/../../../../riscv64-unknown-elf/lib/rv32imac/ilp32\libc.a(lib_a-ldtoa.o)
 .rodata.str1.4
                0x0000000008000910       0x10 c:/idrotttek-kurs/toolchain-gd32v-win/compiler/bin/../lib/gcc/riscv64-unknown-elf/8.3.0/../../../../riscv64-unknown-elf/lib/rv32imac/ilp32\libc.a(lib_a-locale.o)
                                         0x12 (size before relaxing)
 .rodata        0x0000000008000920      0x128 c:/idrotttek-kurs/toolchain-gd32v-win/compiler/bin/../lib/gcc/riscv64-unknown-elf/8.3.0/../../../../riscv64-unknown-elf/lib/rv32imac/ilp32\libc.a(lib_a-mprec.o)
                0x0000000008000930                __mprec_tens
                0x00000000080009f8                __mprec_tinytens
                0x0000000008000a20                __mprec_bigtens
 .rodata        0x0000000008000a48      0x18c c:/idrotttek-kurs/toolchain-gd32v-win/compiler/bin/../lib/gcc/riscv64-unknown-elf/8.3.0/../../../../riscv64-unknown-elf/lib/rv32imac/ilp32\libc.a(lib_a-svfiprintf.o)
 .rodata.str1.4
                0x0000000008000bd4       0x2f c:/idrotttek-kurs/toolchain-gd32v-win/compiler/bin/../lib/gcc/riscv64-unknown-elf/8.3.0/../../../../riscv64-unknown-elf/lib/rv32imac/ilp32\libc.a(lib_a-svfiprintf.o)
 .rodata        0x0000000008000bd4      0x101 c:/idrotttek-kurs/toolchain-gd32v-win/compiler/bin/../lib/gcc/riscv64-unknown-elf/8.3.0/../../../../riscv64-unknown-elf/lib/rv32imac/ilp32\libc.a(lib_a-ctype_.o)
                0x0000000008000bd4                _ctype_
 *fill*         0x0000000008000cd5        0x3 
 .rodata        0x0000000008000cd8       0x3c c:/idrotttek-kurs/toolchain-gd32v-win/compiler/bin/../lib/gcc/riscv64-unknown-elf/8.3.0/rv32imac/ilp32\libgcc.a(multf3.o)
 *(.text.unlikely .text.unlikely.*)
 *(.text.startup .text.startup.*)
 .text.startup.main
                0x0000000008000d14      0x28c build/main.o
                0x0000000008000d14                main
 .text.startup  0x0000000008000fa0       0x1c c:/idrotttek-kurs/toolchain-gd32v-win/compiler/bin/../lib/gcc/riscv64-unknown-elf/8.3.0/../../../../riscv64-unknown-elf/lib/rv32imac/ilp32\libc.a(lib_a-__call_atexit.o)
 *(.text .text.*)
 .text.spi_init
                0x0000000008000fbc       0x3e build/gd32vf103_spi.o
                0x0000000008000fbc                spi_init
 .text.spi_enable
                0x0000000008000ffa        0xa build/gd32vf103_spi.o
                0x0000000008000ffa                spi_enable
 .text.spi_i2s_data_transmit
                0x0000000008001004        0x4 build/gd32vf103_spi.o
                0x0000000008001004                spi_i2s_data_transmit
 .text.spi_i2s_data_receive
                0x0000000008001008        0x8 build/gd32vf103_spi.o
                0x0000000008001008                spi_i2s_data_receive
 .text.spi_crc_polynomial_set
                0x0000000008001010        0xc build/gd32vf103_spi.o
                0x0000000008001010                spi_crc_polynomial_set
 .text.spi_i2s_flag_get
                0x000000000800101c        0xa build/gd32vf103_spi.o
                0x000000000800101c                spi_i2s_flag_get
 .text.rcu_periph_clock_enable
                0x0000000008001026       0x18 build/gd32vf103_rcu.o
                0x0000000008001026                rcu_periph_clock_enable
 .text.rcu_periph_reset_enable
                0x000000000800103e       0x18 build/gd32vf103_rcu.o
                0x000000000800103e                rcu_periph_reset_enable
 .text.rcu_periph_reset_disable
                0x0000000008001056       0x1c build/gd32vf103_rcu.o
                0x0000000008001056                rcu_periph_reset_disable
 .text.rcu_clock_freq_get
                0x0000000008001072      0x13c build/gd32vf103_rcu.o
                0x0000000008001072                rcu_clock_freq_get
 .text.gpio_init
                0x00000000080011ae       0xa8 build/gd32vf103_gpio.o
                0x00000000080011ae                gpio_init
 .text.gpio_bit_set
                0x0000000008001256        0x4 build/gd32vf103_gpio.o
                0x0000000008001256                gpio_bit_set
 .text.gpio_bit_reset
                0x000000000800125a        0x4 build/gd32vf103_gpio.o
                0x000000000800125a                gpio_bit_reset
 .text.gpio_input_bit_get
                0x000000000800125e        0xa build/gd32vf103_gpio.o
                0x000000000800125e                gpio_input_bit_get
 .text.timer_deinit
                0x0000000008001268      0x10e build/gd32vf103_timer.o
                0x0000000008001268                timer_deinit
 .text.timer_struct_para_init
                0x0000000008001376       0x18 build/gd32vf103_timer.o
                0x0000000008001376                timer_struct_para_init
 .text.timer_init
                0x000000000800138e       0xc0 build/gd32vf103_timer.o
                0x000000000800138e                timer_init
 .text.timer_enable
                0x000000000800144e        0xa build/gd32vf103_timer.o
                0x000000000800144e                timer_enable
 .text.timer_auto_reload_shadow_enable
                0x0000000008001458        0xa build/gd32vf103_timer.o
                0x0000000008001458                timer_auto_reload_shadow_enable
 .text.timer_channel_output_struct_para_init
                0x0000000008001462       0x1a build/gd32vf103_timer.o
                0x0000000008001462                timer_channel_output_struct_para_init
 .text.timer_channel_output_config
                0x000000000800147c      0x25c build/gd32vf103_timer.o
                0x000000000800147c                timer_channel_output_config
 .text.timer_channel_output_mode_config
                0x00000000080016d8       0x5e build/gd32vf103_timer.o
                0x00000000080016d8                timer_channel_output_mode_config
 .text.timer_channel_output_pulse_value_config
                0x0000000008001736       0x26 build/gd32vf103_timer.o
                0x0000000008001736                timer_channel_output_pulse_value_config
 .text.timer_channel_output_shadow_config
                0x000000000800175c       0x5e build/gd32vf103_timer.o
                0x000000000800175c                timer_channel_output_shadow_config
 .text.i2c_clock_config
                0x00000000080017ba      0x16c build/gd32vf103_i2c.o
                0x00000000080017ba                i2c_clock_config
 .text.i2c_ack_config
                0x0000000008001926       0x1a build/gd32vf103_i2c.o
                0x0000000008001926                i2c_ack_config
 .text.i2c_master_addressing
                0x0000000008001940       0x12 build/gd32vf103_i2c.o
                0x0000000008001940                i2c_master_addressing
 .text.i2c_enable
                0x0000000008001952        0xa build/gd32vf103_i2c.o
                0x0000000008001952                i2c_enable
 .text.i2c_start_on_bus
                0x000000000800195c        0xa build/gd32vf103_i2c.o
                0x000000000800195c                i2c_start_on_bus
 .text.i2c_stop_on_bus
                0x0000000008001966        0xa build/gd32vf103_i2c.o
                0x0000000008001966                i2c_stop_on_bus
 .text.i2c_data_transmit
                0x0000000008001970        0x4 build/gd32vf103_i2c.o
                0x0000000008001970                i2c_data_transmit
 .text.i2c_data_receive
                0x0000000008001974        0x8 build/gd32vf103_i2c.o
                0x0000000008001974                i2c_data_receive
 .text.i2c_flag_get
                0x000000000800197c       0x14 build/gd32vf103_i2c.o
                0x000000000800197c                i2c_flag_get
 .text.i2c_flag_clear
                0x0000000008001990       0x2a build/gd32vf103_i2c.o
                0x0000000008001990                i2c_flag_clear
 .text.SystemInit
                0x00000000080019ba      0x11e build/system_gd32vf103.o
                0x00000000080019ba                SystemInit
 .text.write_hex
                0x0000000008001ad8       0x9a build/write_hex.o
                0x0000000008001ad8                write_hex
 .text._sbrk    0x0000000008001b72       0x30 build/sbrk.o
                0x0000000008001b72                _sbrk
 .text._exit    0x0000000008001ba2       0x78 build/_exit.o
                0x0000000008001ba2                _exit
 .text.get_timer_value
                0x0000000008001c1a       0x10 build/n200_func.o
                0x0000000008001c1a                get_timer_value
 .text.eclic_init
                0x0000000008001c2a       0x24 build/n200_func.o
                0x0000000008001c2a                eclic_init
 .text.eclic_mode_enable
                0x0000000008001c4e       0x12 build/n200_func.o
                0x0000000008001c4e                eclic_mode_enable
 .text.handle_nmi
                0x0000000008001c60       0x22 build/handlers.o
                0x0000000008001c60                handle_nmi
 .text.handle_trap
                0x0000000008001c82       0x3a build/handlers.o
                0x0000000008001c82                handle_trap
 .text._init    0x0000000008001cbc       0x2c build/init.o
                0x0000000008001cbc                _init
 .text._fini    0x0000000008001ce8        0x2 build/init.o
                0x0000000008001ce8                _fini
 .text.delay_1ms
                0x0000000008001cea       0xce build/delay.o
                0x0000000008001cea                delay_1ms
 .text.tf_start_timer
                0x0000000008001db8       0x5a build/tf_delay.o
                0x0000000008001db8                tf_start_timer
 .text.tf_timer_done
                0x0000000008001e12       0x44 build/tf_delay.o
                0x0000000008001e12                tf_timer_done
 .text.xchg_spi
                0x0000000008001e56       0x62 build/tf_card.o
 .text.wait_ready
                0x0000000008001eb8       0xde build/tf_card.o
 .text.rcvr_datablock
                0x0000000008001f96       0x8a build/tf_card.o
 .text._select  0x0000000008002020       0x56 build/tf_card.o
 .text.send_cmd
                0x0000000008002076      0x15c build/tf_card.o
 .text.xmit_datablock.part.2
                0x00000000080021d2       0x56 build/tf_card.o
 .text.disk_initialize
                0x0000000008002228      0x2e8 build/tf_card.o
                0x0000000008002228                disk_initialize
 .text.disk_status
                0x0000000008002510       0x14 build/tf_card.o
                0x0000000008002510                disk_status
 .text.disk_read
                0x0000000008002524       0xd8 build/tf_card.o
                0x0000000008002524                disk_read
 .text.disk_write
                0x00000000080025fc      0x124 build/tf_card.o
                0x00000000080025fc                disk_write
 .text.disk_ioctl
                0x0000000008002720      0x262 build/tf_card.o
                0x0000000008002720                disk_ioctl
 .text.set_fattime
                0x0000000008002982       0x22 build/gd32v_tf_card_if.o
                0x0000000008002982                set_fattime
 .text.get_fattime
                0x00000000080029a4       0x40 build/gd32v_tf_card_if.o
                0x00000000080029a4                get_fattime
 .text.get_ldnumber
                0x00000000080029e4       0x46 build/ff.o
 .text.validate
                0x0000000008002a2a       0x4e build/ff.o
 .text.mem_cpy.part.0
                0x0000000008002a78       0x14 build/ff.o
 .text.sync_window.part.3
                0x0000000008002a8c       0x66 build/ff.o
 .text.move_window.part.4
                0x0000000008002af2       0x4e build/ff.o
 .text.check_fs
                0x0000000008002b40       0xce build/ff.o
 .text.find_volume
                0x0000000008002c0e      0x3f8 build/ff.o
 .text.put_fat.part.6
                0x0000000008003006      0x1b6 build/ff.o
 .text.get_fat.isra.7
                0x00000000080031bc      0x12e build/ff.o
 .text.create_chain
                0x00000000080032ea      0x162 build/ff.o
 .text.dir_next
                0x000000000800344c      0x186 build/ff.o
 .text.dir_sdi.constprop.9
                0x00000000080035d2       0xa6 build/ff.o
 .text.f_mount  0x0000000008003678       0x6a build/ff.o
                0x0000000008003678                f_mount
 .text.f_open   0x00000000080036e2      0x616 build/ff.o
                0x00000000080036e2                f_open
 .text.f_write  0x0000000008003cf8      0x222 build/ff.o
                0x0000000008003cf8                f_write
 .text.f_sync   0x0000000008003f1a      0x1f2 build/ff.o
                0x0000000008003f1a                f_sync
 .text.f_close  0x000000000800410c       0x34 build/ff.o
                0x000000000800410c                f_close
 .text.mpu6500_init
                0x0000000008004140      0x140 build/mpu6500_driver.o
                0x0000000008004140                mpu6500_init
 .text.mpu6500_getAccel
                0x0000000008004280       0x88 build/mpu6500_driver.o
                0x0000000008004280                mpu6500_getAccel
 .text.mpu_delay
                0x0000000008004308       0xce build/gd32v_mpu6500_if.o
                0x0000000008004308                mpu_delay
 .text.i2c_master_read_register
                0x00000000080043d6      0x144 build/gd32v_mpu6500_if.o
                0x00000000080043d6                i2c_master_read_register
 .text.i2c_master_write_register
                0x000000000800451a       0xea build/gd32v_mpu6500_if.o
                0x000000000800451a                i2c_master_write_register
 .text.mpu6500_install
                0x0000000008004604       0x58 build/gd32v_mpu6500_if.o
                0x0000000008004604                mpu6500_install
 .text.T1powerUpInitPWM
                0x000000000800465c      0x282 build/pwm.o
                0x000000000800465c                T1powerUpInitPWM
 .text.T1setPWMmotorB
                0x00000000080048de       0x30 build/pwm.o
                0x00000000080048de                T1setPWMmotorB
 .text.Initialize_Project
                0x000000000800490e       0xa2 build/main.o
                0x000000000800490e                Initialize_Project
 .text.SendToSD
                0x00000000080049b0       0xd8 build/main.o
                0x00000000080049b0                SendToSD
 *fill*         0x0000000008004a88       0x38 
 .text.trap     0x0000000008004ac0       0x82 build/entry.o
                0x0000000008004ac0                trap_entry
 *fill*         0x0000000008004b42        0x2 
 .text.irq      0x0000000008004b44       0x72 build/entry.o
                0x0000000008004b44                irq_entry
 .text          0x0000000008004bb6      0x546 c:/idrotttek-kurs/toolchain-gd32v-win/compiler/bin/../lib/gcc/riscv64-unknown-elf/8.3.0/rv32imac/ilp32\libgcc.a(divdf3.o)
                0x0000000008004bb6                __divdf3
 .text          0x00000000080050fc       0xa4 c:/idrotttek-kurs/toolchain-gd32v-win/compiler/bin/../lib/gcc/riscv64-unknown-elf/8.3.0/rv32imac/ilp32\libgcc.a(gedf2.o)
                0x00000000080050fc                __gedf2
                0x00000000080050fc                __gtdf2
 .text          0x00000000080051a0       0xa4 c:/idrotttek-kurs/toolchain-gd32v-win/compiler/bin/../lib/gcc/riscv64-unknown-elf/8.3.0/rv32imac/ilp32\libgcc.a(ledf2.o)
                0x00000000080051a0                __ledf2
                0x00000000080051a0                __ltdf2
 .text          0x0000000008005244      0x44c c:/idrotttek-kurs/toolchain-gd32v-win/compiler/bin/../lib/gcc/riscv64-unknown-elf/8.3.0/rv32imac/ilp32\libgcc.a(muldf3.o)
                0x0000000008005244                __muldf3
 .text          0x0000000008005690       0x70 c:/idrotttek-kurs/toolchain-gd32v-win/compiler/bin/../lib/gcc/riscv64-unknown-elf/8.3.0/rv32imac/ilp32\libgcc.a(floatsidf.o)
                0x0000000008005690                __floatsidf
 .text          0x0000000008005700       0x56 c:/idrotttek-kurs/toolchain-gd32v-win/compiler/bin/../lib/gcc/riscv64-unknown-elf/8.3.0/rv32imac/ilp32\libgcc.a(floatunsidf.o)
                0x0000000008005700                __floatunsidf
 .text          0x0000000008005756      0x166 c:/idrotttek-kurs/toolchain-gd32v-win/compiler/bin/../lib/gcc/riscv64-unknown-elf/8.3.0/rv32imac/ilp32\libgcc.a(floatundidf.o)
                0x0000000008005756                __floatundidf
 .text          0x00000000080058bc      0x228 c:/idrotttek-kurs/toolchain-gd32v-win/compiler/bin/../lib/gcc/riscv64-unknown-elf/8.3.0/rv32imac/ilp32\libgcc.a(mulsf3.o)
                0x00000000080058bc                __mulsf3
 .text          0x0000000008005ae4       0xc0 c:/idrotttek-kurs/toolchain-gd32v-win/compiler/bin/../lib/gcc/riscv64-unknown-elf/8.3.0/rv32imac/ilp32\libgcc.a(floatsisf.o)
                0x0000000008005ae4                __floatsisf
 .text          0x0000000008005ba4       0x9e c:/idrotttek-kurs/toolchain-gd32v-win/compiler/bin/../lib/gcc/riscv64-unknown-elf/8.3.0/rv32imac/ilp32\libgcc.a(extendsfdf2.o)
                0x0000000008005ba4                __extendsfdf2
 .text          0x0000000008005c42       0x2a c:/idrotttek-kurs/toolchain-gd32v-win/compiler/bin/../lib/gcc/riscv64-unknown-elf/8.3.0/rv32imac/ilp32\libgcc.a(_lshrdi3.o)
                0x0000000008005c42                __lshrdi3
 .text          0x0000000008005c6c       0x2a c:/idrotttek-kurs/toolchain-gd32v-win/compiler/bin/../lib/gcc/riscv64-unknown-elf/8.3.0/rv32imac/ilp32\libgcc.a(_ashldi3.o)
                0x0000000008005c6c                __ashldi3
 .text          0x0000000008005c96       0x3c c:/idrotttek-kurs/toolchain-gd32v-win/compiler/bin/../lib/gcc/riscv64-unknown-elf/8.3.0/rv32imac/ilp32\libgcc.a(_clzsi2.o)
                0x0000000008005c96                __clzsi2
 .text          0x0000000008005cd2       0x10 c:/idrotttek-kurs/toolchain-gd32v-win/compiler/bin/../lib/gcc/riscv64-unknown-elf/8.3.0/../../../../riscv64-unknown-elf/lib/rv32imac/ilp32\libc.a(lib_a-atexit.o)
                0x0000000008005cd2                atexit
 .text          0x0000000008005ce2       0x2c c:/idrotttek-kurs/toolchain-gd32v-win/compiler/bin/../lib/gcc/riscv64-unknown-elf/8.3.0/../../../../riscv64-unknown-elf/lib/rv32imac/ilp32\libc.a(lib_a-exit.o)
                0x0000000008005ce2                exit
 .text          0x0000000008005d0e       0x3a c:/idrotttek-kurs/toolchain-gd32v-win/compiler/bin/../lib/gcc/riscv64-unknown-elf/8.3.0/../../../../riscv64-unknown-elf/lib/rv32imac/ilp32\libc.a(lib_a-fini.o)
                0x0000000008005d0e                __libc_fini_array
 .text          0x0000000008005d48       0x6a c:/idrotttek-kurs/toolchain-gd32v-win/compiler/bin/../lib/gcc/riscv64-unknown-elf/8.3.0/../../../../riscv64-unknown-elf/lib/rv32imac/ilp32\libc.a(lib_a-init.o)
                0x0000000008005d48                __libc_init_array
 .text          0x0000000008005db2       0x9a c:/idrotttek-kurs/toolchain-gd32v-win/compiler/bin/../lib/gcc/riscv64-unknown-elf/8.3.0/../../../../riscv64-unknown-elf/lib/rv32imac/ilp32\libc.a(lib_a-sprintf.o)
                0x0000000008005db2                _sprintf_r
                0x0000000008005df8                sprintf
 .text          0x0000000008005e4c       0x66 c:/idrotttek-kurs/toolchain-gd32v-win/compiler/bin/../lib/gcc/riscv64-unknown-elf/8.3.0/../../../../riscv64-unknown-elf/lib/rv32imac/ilp32\libc.a(lib_a-strlen.o)
                0x0000000008005e4c                strlen
 .text          0x0000000008005eb2     0x1eac c:/idrotttek-kurs/toolchain-gd32v-win/compiler/bin/../lib/gcc/riscv64-unknown-elf/8.3.0/../../../../riscv64-unknown-elf/lib/rv32imac/ilp32\libc.a(lib_a-svfprintf.o)
                0x0000000008005eb2                _svfprintf_r
 .text          0x0000000008007d5e       0x18 c:/idrotttek-kurs/toolchain-gd32v-win/compiler/bin/../lib/gcc/riscv64-unknown-elf/8.3.0/../../../../riscv64-unknown-elf/lib/rv32imac/ilp32\libc.a(lib_a-syswrite.o)
                0x0000000008007d5e                write
 .text          0x0000000008007d76       0x44 c:/idrotttek-kurs/toolchain-gd32v-win/compiler/bin/../lib/gcc/riscv64-unknown-elf/8.3.0/../../../../riscv64-unknown-elf/lib/rv32imac/ilp32\libc.a(lib_a-writer.o)
                0x0000000008007d76                _write_r
 .text          0x0000000008007dba       0x72 c:/idrotttek-kurs/toolchain-gd32v-win/compiler/bin/../lib/gcc/riscv64-unknown-elf/8.3.0/../../../../riscv64-unknown-elf/lib/rv32imac/ilp32\libc.a(lib_a-__atexit.o)
                0x0000000008007dba                __register_exitproc
 .text          0x0000000008007e2c       0xc2 c:/idrotttek-kurs/toolchain-gd32v-win/compiler/bin/../lib/gcc/riscv64-unknown-elf/8.3.0/../../../../riscv64-unknown-elf/lib/rv32imac/ilp32\libc.a(lib_a-__call_atexit.o)
                0x0000000008007e2c                __call_exitprocs
 .text          0x0000000008007eee      0x350 c:/idrotttek-kurs/toolchain-gd32v-win/compiler/bin/../lib/gcc/riscv64-unknown-elf/8.3.0/../../../../riscv64-unknown-elf/lib/rv32imac/ilp32\libc.a(lib_a-freer.o)
                0x0000000008007eee                _malloc_trim_r
                0x0000000008007fe2                _free_r
 .text          0x000000000800823e     0x219c c:/idrotttek-kurs/toolchain-gd32v-win/compiler/bin/../lib/gcc/riscv64-unknown-elf/8.3.0/../../../../riscv64-unknown-elf/lib/rv32imac/ilp32\libc.a(lib_a-ldtoa.o)
                0x000000000800948c                _ldtoa_r
                0x000000000800a394                _ldcheck
 .text          0x000000000800a3da       0x1a c:/idrotttek-kurs/toolchain-gd32v-win/compiler/bin/../lib/gcc/riscv64-unknown-elf/8.3.0/../../../../riscv64-unknown-elf/lib/rv32imac/ilp32\libc.a(lib_a-localeconv.o)
                0x000000000800a3da                __localeconv_l
                0x000000000800a3e0                _localeconv_r
                0x000000000800a3ea                localeconv
 .text          0x000000000800a3f4      0x684 c:/idrotttek-kurs/toolchain-gd32v-win/compiler/bin/../lib/gcc/riscv64-unknown-elf/8.3.0/../../../../riscv64-unknown-elf/lib/rv32imac/ilp32\libc.a(lib_a-mallocr.o)
                0x000000000800a3f4                _malloc_r
 .text          0x000000000800aa78       0x4e c:/idrotttek-kurs/toolchain-gd32v-win/compiler/bin/../lib/gcc/riscv64-unknown-elf/8.3.0/../../../../riscv64-unknown-elf/lib/rv32imac/ilp32\libc.a(lib_a-mbtowc_r.o)
                0x000000000800aa78                _mbtowc_r
                0x000000000800aa86                __ascii_mbtowc
 .text          0x000000000800aac6       0xa8 c:/idrotttek-kurs/toolchain-gd32v-win/compiler/bin/../lib/gcc/riscv64-unknown-elf/8.3.0/../../../../riscv64-unknown-elf/lib/rv32imac/ilp32\libc.a(lib_a-memchr.o)
                0x000000000800aac6                memchr
 .text          0x000000000800ab6e        0x4 c:/idrotttek-kurs/toolchain-gd32v-win/compiler/bin/../lib/gcc/riscv64-unknown-elf/8.3.0/../../../../riscv64-unknown-elf/lib/rv32imac/ilp32\libc.a(lib_a-mlock.o)
                0x000000000800ab6e                __malloc_lock
                0x000000000800ab70                __malloc_unlock
 .text          0x000000000800ab72      0xaf8 c:/idrotttek-kurs/toolchain-gd32v-win/compiler/bin/../lib/gcc/riscv64-unknown-elf/8.3.0/../../../../riscv64-unknown-elf/lib/rv32imac/ilp32\libc.a(lib_a-mprec.o)
                0x000000000800ab72                _Balloc
                0x000000000800abe0                _Bfree
                0x000000000800abf2                __multadd
                0x000000000800acae                __s2b
                0x000000000800ad62                __hi0bits
                0x000000000800adaa                __lo0bits
                0x000000000800ae18                __i2b
                0x000000000800ae38                __multiply
                0x000000000800afb2                __pow5mult
                0x000000000800b08c                __lshift
                0x000000000800b176                __mcmp
                0x000000000800b1b0                __mdiff
                0x000000000800b2fa                __ulp
                0x000000000800b340                __b2d
                0x000000000800b40e                __d2b
                0x000000000800b4fa                __ratio
                0x000000000800b568                _mprec_log10
                0x000000000800b5d0                __copybits
                0x000000000800b616                __any_on
 .text          0x000000000800b66a       0x3e c:/idrotttek-kurs/toolchain-gd32v-win/compiler/bin/../lib/gcc/riscv64-unknown-elf/8.3.0/../../../../riscv64-unknown-elf/lib/rv32imac/ilp32\libc.a(lib_a-sbrkr.o)
                0x000000000800b66a                _sbrk_r
 .text          0x000000000800b6a8       0x80 c:/idrotttek-kurs/toolchain-gd32v-win/compiler/bin/../lib/gcc/riscv64-unknown-elf/8.3.0/../../../../riscv64-unknown-elf/lib/rv32imac/ilp32\libc.a(lib_a-s_frexp.o)
                0x000000000800b6a8                frexp
 .text          0x000000000800b728       0x7a c:/idrotttek-kurs/toolchain-gd32v-win/compiler/bin/../lib/gcc/riscv64-unknown-elf/8.3.0/../../../../riscv64-unknown-elf/lib/rv32imac/ilp32\libc.a(lib_a-strcpy.o)
                0x000000000800b728                strcpy
 .text          0x000000000800b7a2       0x98 c:/idrotttek-kurs/toolchain-gd32v-win/compiler/bin/../lib/gcc/riscv64-unknown-elf/8.3.0/../../../../riscv64-unknown-elf/lib/rv32imac/ilp32\libc.a(lib_a-strncpy.o)
                0x000000000800b7a2                strncpy
 .text          0x000000000800b83a      0xdc4 c:/idrotttek-kurs/toolchain-gd32v-win/compiler/bin/../lib/gcc/riscv64-unknown-elf/8.3.0/../../../../riscv64-unknown-elf/lib/rv32imac/ilp32\libc.a(lib_a-svfiprintf.o)
                0x000000000800b83a                __ssprint_r
                0x000000000800b97a                _svfiprintf_r
 .text          0x000000000800c5fe       0x2e c:/idrotttek-kurs/toolchain-gd32v-win/compiler/bin/../lib/gcc/riscv64-unknown-elf/8.3.0/../../../../riscv64-unknown-elf/lib/rv32imac/ilp32\libc.a(lib_a-wctomb_r.o)
                0x000000000800c5fe                _wctomb_r
                0x000000000800c60c                __ascii_wctomb
 .text          0x000000000800c62c       0x8a c:/idrotttek-kurs/toolchain-gd32v-win/compiler/bin/../lib/gcc/riscv64-unknown-elf/8.3.0/../../../../riscv64-unknown-elf/lib/rv32imac/ilp32\libc.a(lib_a-callocr.o)
                0x000000000800c62c                _calloc_r
 .text          0x000000000800c6b6       0xe2 c:/idrotttek-kurs/toolchain-gd32v-win/compiler/bin/../lib/gcc/riscv64-unknown-elf/8.3.0/../../../../riscv64-unknown-elf/lib/rv32imac/ilp32\libc.a(lib_a-memcpy.o)
                0x000000000800c6b6                memcpy
 .text          0x000000000800c798       0xd0 c:/idrotttek-kurs/toolchain-gd32v-win/compiler/bin/../lib/gcc/riscv64-unknown-elf/8.3.0/../../../../riscv64-unknown-elf/lib/rv32imac/ilp32\libc.a(lib_a-memmove-stub.o)
                0x000000000800c798                memmove
 .text          0x000000000800c868       0xa8 c:/idrotttek-kurs/toolchain-gd32v-win/compiler/bin/../lib/gcc/riscv64-unknown-elf/8.3.0/../../../../riscv64-unknown-elf/lib/rv32imac/ilp32\libc.a(lib_a-memset.o)
                0x000000000800c868                memset
 .text          0x000000000800c910      0x4a8 c:/idrotttek-kurs/toolchain-gd32v-win/compiler/bin/../lib/gcc/riscv64-unknown-elf/8.3.0/../../../../riscv64-unknown-elf/lib/rv32imac/ilp32\libc.a(lib_a-reallocr.o)
                0x000000000800c910                _realloc_r
 .text          0x000000000800cdb8       0x36 c:/idrotttek-kurs/toolchain-gd32v-win/compiler/bin/../lib/gcc/riscv64-unknown-elf/8.3.0/../../../../riscv64-unknown-elf/lib/rv32imac/ilp32\libgloss.a(sys_write.o)
                0x000000000800cdb8                _write
 .text          0x000000000800cdee        0xc c:/idrotttek-kurs/toolchain-gd32v-win/compiler/bin/../lib/gcc/riscv64-unknown-elf/8.3.0/../../../../riscv64-unknown-elf/lib/rv32imac/ilp32\libc.a(lib_a-errno.o)
                0x000000000800cdee                __errno
 .text          0x000000000800cdfa      0x35e c:/idrotttek-kurs/toolchain-gd32v-win/compiler/bin/../lib/gcc/riscv64-unknown-elf/8.3.0/rv32imac/ilp32\libgcc.a(_udivdi3.o)
                0x000000000800cdfa                __udivdi3
 .text          0x000000000800d158      0x352 c:/idrotttek-kurs/toolchain-gd32v-win/compiler/bin/../lib/gcc/riscv64-unknown-elf/8.3.0/rv32imac/ilp32\libgcc.a(_umoddi3.o)
                0x000000000800d158                __umoddi3
 .text          0x000000000800d4aa       0xa6 c:/idrotttek-kurs/toolchain-gd32v-win/compiler/bin/../lib/gcc/riscv64-unknown-elf/8.3.0/rv32imac/ilp32\libgcc.a(eqtf2.o)
                0x000000000800d4aa                __netf2
                0x000000000800d4aa                __eqtf2
 .text          0x000000000800d550       0xf4 c:/idrotttek-kurs/toolchain-gd32v-win/compiler/bin/../lib/gcc/riscv64-unknown-elf/8.3.0/rv32imac/ilp32\libgcc.a(getf2.o)
                0x000000000800d550                __gttf2
                0x000000000800d550                __getf2
 .text          0x000000000800d644       0xf4 c:/idrotttek-kurs/toolchain-gd32v-win/compiler/bin/../lib/gcc/riscv64-unknown-elf/8.3.0/rv32imac/ilp32\libgcc.a(letf2.o)
                0x000000000800d644                __lttf2
                0x000000000800d644                __letf2
 .text          0x000000000800d738      0xb5c c:/idrotttek-kurs/toolchain-gd32v-win/compiler/bin/../lib/gcc/riscv64-unknown-elf/8.3.0/rv32imac/ilp32\libgcc.a(multf3.o)
                0x000000000800d738                __multf3
 .text          0x000000000800e294      0xe76 c:/idrotttek-kurs/toolchain-gd32v-win/compiler/bin/../lib/gcc/riscv64-unknown-elf/8.3.0/rv32imac/ilp32\libgcc.a(subtf3.o)
                0x000000000800e294                __subtf3
 .text          0x000000000800f10a       0xec c:/idrotttek-kurs/toolchain-gd32v-win/compiler/bin/../lib/gcc/riscv64-unknown-elf/8.3.0/rv32imac/ilp32\libgcc.a(fixtfsi.o)
                0x000000000800f10a                __fixtfsi
 .text          0x000000000800f1f6       0xf8 c:/idrotttek-kurs/toolchain-gd32v-win/compiler/bin/../lib/gcc/riscv64-unknown-elf/8.3.0/rv32imac/ilp32\libgcc.a(floatsitf.o)
                0x000000000800f1f6                __floatsitf
 .text          0x000000000800f2ee      0x15e c:/idrotttek-kurs/toolchain-gd32v-win/compiler/bin/../lib/gcc/riscv64-unknown-elf/8.3.0/rv32imac/ilp32\libgcc.a(extenddftf2.o)
                0x000000000800f2ee                __extenddftf2
 .text          0x000000000800f44c      0x230 c:/idrotttek-kurs/toolchain-gd32v-win/compiler/bin/../lib/gcc/riscv64-unknown-elf/8.3.0/rv32imac/ilp32\libgcc.a(trunctfdf2.o)
                0x000000000800f44c                __trunctfdf2
 *(.gnu.linkonce.t.*)

.rela.dyn       0x000000000800f67c        0x0
 .rela.text._sbrk
                0x000000000800f67c        0x0 build/gd32vf103_spi.o
 .rela.sdata.curbrk.1524
                0x000000000800f67c        0x0 build/gd32vf103_spi.o
 .rela.text.handle_trap
                0x000000000800f67c        0x0 build/gd32vf103_spi.o
 .rela.text.mpu6500_init
                0x000000000800f67c        0x0 build/gd32vf103_spi.o
 .rela.text.mpu6500_getAccel
                0x000000000800f67c        0x0 build/gd32vf103_spi.o
 .rela.text.mpu6500_install
                0x000000000800f67c        0x0 build/gd32vf103_spi.o
 .rela.init     0x000000000800f67c        0x0 build/gd32vf103_spi.o
 .rela.text.trap
                0x000000000800f67c        0x0 build/gd32vf103_spi.o
 .rela.text     0x000000000800f67c        0x0 build/gd32vf103_spi.o
 .rela.text.startup
                0x000000000800f67c        0x0 build/gd32vf103_spi.o

.fini
 *(SORT_NONE(.fini))
                0x000000000800f67c                . = ALIGN (0x4)
                [!provide]                        PROVIDE (__etext = .)
                [!provide]                        PROVIDE (_etext = .)
                [!provide]                        PROVIDE (etext = .)
                [!provide]                        PROVIDE (_eilm = .)

.preinit_array  0x000000000800f67c        0x0
                0x000000000800f67c                PROVIDE (__preinit_array_start = .)
 *(.preinit_array)
                0x000000000800f67c                PROVIDE (__preinit_array_end = .)

.init_array     0x000000000800f67c        0x4
                0x000000000800f67c                PROVIDE (__init_array_start = .)
 *(SORT_BY_INIT_PRIORITY(.init_array.*) SORT_BY_INIT_PRIORITY(.ctors.*))
 .init_array.00000
                0x000000000800f67c        0x4 c:/idrotttek-kurs/toolchain-gd32v-win/compiler/bin/../lib/gcc/riscv64-unknown-elf/8.3.0/../../../../riscv64-unknown-elf/lib/rv32imac/ilp32\libc.a(lib_a-__call_atexit.o)
 *(.init_array EXCLUDE_FILE(*crtend?.o *crtend.o *crtbegin?.o *crtbegin.o) .ctors)
                0x000000000800f680                PROVIDE (__init_array_end = .)

.fini_array     0x000000000800f680        0x0
                0x000000000800f680                PROVIDE (__fini_array_start = .)
 *(SORT_BY_INIT_PRIORITY(.fini_array.*) SORT_BY_INIT_PRIORITY(.dtors.*))
 *(.fini_array EXCLUDE_FILE(*crtend?.o *crtend.o *crtbegin?.o *crtbegin.o) .dtors)
                0x000000000800f680                PROVIDE (__fini_array_end = .)

.ctors
 *crtbegin.o(.ctors)
 *crtbegin?.o(.ctors)
 *(EXCLUDE_FILE(*crtend?.o *crtend.o) .ctors)
 *(SORT_BY_NAME(.ctors.*))
 *(.ctors)

.dtors
 *crtbegin.o(.dtors)
 *crtbegin?.o(.dtors)
 *(EXCLUDE_FILE(*crtend?.o *crtend.o) .dtors)
 *(SORT_BY_NAME(.dtors.*))
 *(.dtors)
                0x000000000800f680                . = ALIGN (0x4)
                [!provide]                        PROVIDE (_eilm = .)

.lalign         0x000000000800f680        0x0
                0x000000000800f680                . = ALIGN (0x4)
                0x000000000800f680                PROVIDE (_data_lma = .)

.dalign         0x0000000020000000        0x0 load address 0x000000000800f680
                0x0000000020000000                . = ALIGN (0x4)
                0x0000000020000000                PROVIDE (_data = .)

.data           0x0000000020000000      0x9dc load address 0x000000000800f680
 *(.rdata)
 *(.gnu.linkonce.r.*)
 *(.data .data.*)
 .data          0x0000000020000000      0x428 c:/idrotttek-kurs/toolchain-gd32v-win/compiler/bin/../lib/gcc/riscv64-unknown-elf/8.3.0/../../../../riscv64-unknown-elf/lib/rv32imac/ilp32\libc.a(lib_a-impure.o)
 .data          0x0000000020000428      0x16c c:/idrotttek-kurs/toolchain-gd32v-win/compiler/bin/../lib/gcc/riscv64-unknown-elf/8.3.0/../../../../riscv64-unknown-elf/lib/rv32imac/ilp32\libc.a(lib_a-locale.o)
                0x0000000020000428                __global_locale
 .data          0x0000000020000594      0x408 c:/idrotttek-kurs/toolchain-gd32v-win/compiler/bin/../lib/gcc/riscv64-unknown-elf/8.3.0/../../../../riscv64-unknown-elf/lib/rv32imac/ilp32\libc.a(lib_a-mallocr.o)
                0x0000000020000594                __malloc_av_
 *(.gnu.linkonce.d.*)
                0x00000000200009a0                . = ALIGN (0x8)
 *fill*         0x000000002000099c        0x4 
                0x00000000200011a0                PROVIDE (__global_pointer$ = (. + 0x800))
 *(.sdata .sdata.*)
 .sdata.SystemCoreClock
                0x00000000200009a0        0x4 build/system_gd32vf103.o
                0x00000000200009a0                SystemCoreClock
 .sdata.curbrk.1524
                0x00000000200009a4        0x4 build/sbrk.o
 .sdata.Stat    0x00000000200009a8        0x1 build/tf_card.o
 *fill*         0x00000000200009a9        0x3 
 .sdata.time    0x00000000200009ac        0x8 build/gd32v_tf_card_if.o
                0x00000000200009ac                time
 .sdata         0x00000000200009b4        0x4 c:/idrotttek-kurs/toolchain-gd32v-win/compiler/bin/../lib/gcc/riscv64-unknown-elf/8.3.0/../../../../riscv64-unknown-elf/lib/rv32imac/ilp32\libc.a(lib_a-impure.o)
                0x00000000200009b4                _impure_ptr
 .sdata         0x00000000200009b8        0x8 c:/idrotttek-kurs/toolchain-gd32v-win/compiler/bin/../lib/gcc/riscv64-unknown-elf/8.3.0/../../../../riscv64-unknown-elf/lib/rv32imac/ilp32\libc.a(lib_a-mallocr.o)
                0x00000000200009b8                __malloc_sbrk_base
                0x00000000200009bc                __malloc_trim_threshold
 *(.gnu.linkonce.s.*)
                0x00000000200009c0                . = ALIGN (0x8)
 *(.srodata.cst16)
 *(.srodata.cst8)
 .srodata.cst8  0x00000000200009c0       0x10 c:/idrotttek-kurs/toolchain-gd32v-win/compiler/bin/../lib/gcc/riscv64-unknown-elf/8.3.0/../../../../riscv64-unknown-elf/lib/rv32imac/ilp32\libc.a(lib_a-mprec.o)
 .srodata.cst8  0x00000000200009d0        0x8 c:/idrotttek-kurs/toolchain-gd32v-win/compiler/bin/../lib/gcc/riscv64-unknown-elf/8.3.0/../../../../riscv64-unknown-elf/lib/rv32imac/ilp32\libc.a(lib_a-s_frexp.o)
 *(.srodata.cst4)
 *(.srodata.cst2)
 *(.srodata .srodata.*)
 .srodata       0x00000000200009d8        0x4 c:/idrotttek-kurs/toolchain-gd32v-win/compiler/bin/../lib/gcc/riscv64-unknown-elf/8.3.0/../../../../riscv64-unknown-elf/lib/rv32imac/ilp32\libc.a(lib_a-impure.o)
                0x00000000200009d8                _global_impure_ptr
                0x00000000200009dc                . = ALIGN (0x4)
                0x00000000200009dc                PROVIDE (_edata = .)
                [!provide]                        PROVIDE (edata = .)
                [!provide]                        PROVIDE (_fbss = .)
                0x00000000200009dc                PROVIDE (__bss_start = .)

.bss            0x00000000200009e0       0x68
 *(.sbss*)
 .sbss.tf_current_time
                0x00000000200009e0        0x8 build/tf_delay.o
                0x00000000200009e0                tf_current_time
 .sbss.tf_delay_until
                0x00000000200009e8        0x8 build/tf_delay.o
                0x00000000200009e8                tf_delay_until
 .sbss.CardType
                0x00000000200009f0        0x1 build/tf_card.o
 *fill*         0x00000000200009f1        0x3 
 .sbss.FatFs    0x00000000200009f4        0x4 build/ff.o
 .sbss.Fsid     0x00000000200009f8        0x2 build/ff.o
 *fill*         0x00000000200009fa        0x2 
 .sbss          0x00000000200009fc        0xc c:/idrotttek-kurs/toolchain-gd32v-win/compiler/bin/../lib/gcc/riscv64-unknown-elf/8.3.0/../../../../riscv64-unknown-elf/lib/rv32imac/ilp32\libc.a(lib_a-mallocr.o)
                0x00000000200009fc                __malloc_max_total_mem
                0x0000000020000a00                __malloc_max_sbrked_mem
                0x0000000020000a04                __malloc_top_pad
 *(.gnu.linkonce.sb.*)
 *(.bss .bss.*)
 .bss           0x0000000020000a08       0x28 c:/idrotttek-kurs/toolchain-gd32v-win/compiler/bin/../lib/gcc/riscv64-unknown-elf/8.3.0/../../../../riscv64-unknown-elf/lib/rv32imac/ilp32\libc.a(lib_a-mallocr.o)
                0x0000000020000a08                __malloc_current_mallinfo
 *(.gnu.linkonce.b.*)
 *(COMMON)
 COMMON         0x0000000020000a30       0x10 build/mpu6500_driver.o
                0x0000000020000a30                cb
 COMMON         0x0000000020000a40        0x4 build/gd32v_mpu6500_if.o
                0x0000000020000a40                i2c_port
 COMMON         0x0000000020000a44        0x4 c:/idrotttek-kurs/toolchain-gd32v-win/compiler/bin/../lib/gcc/riscv64-unknown-elf/8.3.0/../../../../riscv64-unknown-elf/lib/rv32imac/ilp32\libc.a(lib_a-reent.o)
                0x0000000020000a44                errno
                0x0000000020000a48                . = ALIGN (0x4)
                0x0000000020000a48                . = ALIGN (0x8)
                0x0000000020000a48                PROVIDE (_end = .)
                [!provide]                        PROVIDE (end = .)

.stack          0x0000000020007800      0x800 load address 0x0000000020000a48
                0x0000000020007800                PROVIDE (_heap_end = .)
                0x0000000000000800                . = __stack_size
 *fill*         0x0000000020007800      0x800 
                0x0000000020008000                PROVIDE (_sp = .)
OUTPUT(build/gd32vf103.elf elf32-littleriscv)

.debug_info     0x0000000000000000    0x1d058
 .debug_info    0x0000000000000000      0xaad build/gd32vf103_spi.o
 .debug_info    0x0000000000000aad     0x10b4 build/gd32vf103_rcu.o
 .debug_info    0x0000000000001b61      0x758 build/gd32vf103_gpio.o
 .debug_info    0x00000000000022b9     0x1852 build/gd32vf103_timer.o
 .debug_info    0x0000000000003b0b      0xc21 build/gd32vf103_i2c.o
 .debug_info    0x000000000000472c      0x1ff build/system_gd32vf103.o
 .debug_info    0x000000000000492b      0x1da build/write_hex.o
 .debug_info    0x0000000000004b05       0xc9 build/sbrk.o
 .debug_info    0x0000000000004bce      0x1a4 build/_exit.o
 .debug_info    0x0000000000004d72     0x197f build/n200_func.o
 .debug_info    0x00000000000066f1      0xb53 build/handlers.o
 .debug_info    0x0000000000007244      0xcb0 build/init.o
 .debug_info    0x0000000000007ef4      0x296 build/delay.o
 .debug_info    0x000000000000818a      0x17c build/tf_delay.o
 .debug_info    0x0000000000008306     0x1dcd build/tf_card.o
 .debug_info    0x000000000000a0d3      0xb63 build/gd32v_tf_card_if.o
 .debug_info    0x000000000000ac36     0x30bb build/ff.o
 .debug_info    0x000000000000dcf1     0x133f build/mpu6500_driver.o
 .debug_info    0x000000000000f030     0x1188 build/gd32v_mpu6500_if.o
 .debug_info    0x00000000000101b8      0x7d0 build/pwm.o
 .debug_info    0x0000000000010988     0x155e build/main.o
 .debug_info    0x0000000000011ee6       0x26 build/start.o
 .debug_info    0x0000000000011f0c       0x22 build/entry.o
 .debug_info    0x0000000000011f2e      0x734 c:/idrotttek-kurs/toolchain-gd32v-win/compiler/bin/../lib/gcc/riscv64-unknown-elf/8.3.0/rv32imac/ilp32\libgcc.a(divdf3.o)
 .debug_info    0x0000000000012662      0x286 c:/idrotttek-kurs/toolchain-gd32v-win/compiler/bin/../lib/gcc/riscv64-unknown-elf/8.3.0/rv32imac/ilp32\libgcc.a(gedf2.o)
 .debug_info    0x00000000000128e8      0x286 c:/idrotttek-kurs/toolchain-gd32v-win/compiler/bin/../lib/gcc/riscv64-unknown-elf/8.3.0/rv32imac/ilp32\libgcc.a(ledf2.o)
 .debug_info    0x0000000000012b6e      0x76c c:/idrotttek-kurs/toolchain-gd32v-win/compiler/bin/../lib/gcc/riscv64-unknown-elf/8.3.0/rv32imac/ilp32\libgcc.a(muldf3.o)
 .debug_info    0x00000000000132da      0x2c0 c:/idrotttek-kurs/toolchain-gd32v-win/compiler/bin/../lib/gcc/riscv64-unknown-elf/8.3.0/rv32imac/ilp32\libgcc.a(floatsidf.o)
 .debug_info    0x000000000001359a      0x2af c:/idrotttek-kurs/toolchain-gd32v-win/compiler/bin/../lib/gcc/riscv64-unknown-elf/8.3.0/rv32imac/ilp32\libgcc.a(floatunsidf.o)
 .debug_info    0x0000000000013849      0x2e8 c:/idrotttek-kurs/toolchain-gd32v-win/compiler/bin/../lib/gcc/riscv64-unknown-elf/8.3.0/rv32imac/ilp32\libgcc.a(floatundidf.o)
 .debug_info    0x0000000000013b31      0x3ac c:/idrotttek-kurs/toolchain-gd32v-win/compiler/bin/../lib/gcc/riscv64-unknown-elf/8.3.0/rv32imac/ilp32\libgcc.a(mulsf3.o)
 .debug_info    0x0000000000013edd      0x25d c:/idrotttek-kurs/toolchain-gd32v-win/compiler/bin/../lib/gcc/riscv64-unknown-elf/8.3.0/rv32imac/ilp32\libgcc.a(floatsisf.o)
 .debug_info    0x000000000001413a      0x2a9 c:/idrotttek-kurs/toolchain-gd32v-win/compiler/bin/../lib/gcc/riscv64-unknown-elf/8.3.0/rv32imac/ilp32\libgcc.a(extendsfdf2.o)
 .debug_info    0x00000000000143e3      0xc72 c:/idrotttek-kurs/toolchain-gd32v-win/compiler/bin/../lib/gcc/riscv64-unknown-elf/8.3.0/rv32imac/ilp32\libgcc.a(_lshrdi3.o)
 .debug_info    0x0000000000015055      0xc72 c:/idrotttek-kurs/toolchain-gd32v-win/compiler/bin/../lib/gcc/riscv64-unknown-elf/8.3.0/rv32imac/ilp32\libgcc.a(_ashldi3.o)
 .debug_info    0x0000000000015cc7      0xbd7 c:/idrotttek-kurs/toolchain-gd32v-win/compiler/bin/../lib/gcc/riscv64-unknown-elf/8.3.0/rv32imac/ilp32\libgcc.a(_clzsi2.o)
 .debug_info    0x000000000001689e      0xb6a c:/idrotttek-kurs/toolchain-gd32v-win/compiler/bin/../lib/gcc/riscv64-unknown-elf/8.3.0/rv32imac/ilp32\libgcc.a(_clz.o)
 .debug_info    0x0000000000017408     0x1245 c:/idrotttek-kurs/toolchain-gd32v-win/compiler/bin/../lib/gcc/riscv64-unknown-elf/8.3.0/rv32imac/ilp32\libgcc.a(_udivdi3.o)
 .debug_info    0x000000000001864d     0x12a3 c:/idrotttek-kurs/toolchain-gd32v-win/compiler/bin/../lib/gcc/riscv64-unknown-elf/8.3.0/rv32imac/ilp32\libgcc.a(_umoddi3.o)
 .debug_info    0x00000000000198f0      0x298 c:/idrotttek-kurs/toolchain-gd32v-win/compiler/bin/../lib/gcc/riscv64-unknown-elf/8.3.0/rv32imac/ilp32\libgcc.a(eqtf2.o)
 .debug_info    0x0000000000019b88      0x296 c:/idrotttek-kurs/toolchain-gd32v-win/compiler/bin/../lib/gcc/riscv64-unknown-elf/8.3.0/rv32imac/ilp32\libgcc.a(getf2.o)
 .debug_info    0x0000000000019e1e      0x296 c:/idrotttek-kurs/toolchain-gd32v-win/compiler/bin/../lib/gcc/riscv64-unknown-elf/8.3.0/rv32imac/ilp32\libgcc.a(letf2.o)
 .debug_info    0x000000000001a0b4     0x126c c:/idrotttek-kurs/toolchain-gd32v-win/compiler/bin/../lib/gcc/riscv64-unknown-elf/8.3.0/rv32imac/ilp32\libgcc.a(multf3.o)
 .debug_info    0x000000000001b320      0xd83 c:/idrotttek-kurs/toolchain-gd32v-win/compiler/bin/../lib/gcc/riscv64-unknown-elf/8.3.0/rv32imac/ilp32\libgcc.a(subtf3.o)
 .debug_info    0x000000000001c0a3      0x2c5 c:/idrotttek-kurs/toolchain-gd32v-win/compiler/bin/../lib/gcc/riscv64-unknown-elf/8.3.0/rv32imac/ilp32\libgcc.a(fixtfsi.o)
 .debug_info    0x000000000001c368      0x3c6 c:/idrotttek-kurs/toolchain-gd32v-win/compiler/bin/../lib/gcc/riscv64-unknown-elf/8.3.0/rv32imac/ilp32\libgcc.a(floatsitf.o)
 .debug_info    0x000000000001c72e      0x3ef c:/idrotttek-kurs/toolchain-gd32v-win/compiler/bin/../lib/gcc/riscv64-unknown-elf/8.3.0/rv32imac/ilp32\libgcc.a(extenddftf2.o)
 .debug_info    0x000000000001cb1d      0x53b c:/idrotttek-kurs/toolchain-gd32v-win/compiler/bin/../lib/gcc/riscv64-unknown-elf/8.3.0/rv32imac/ilp32\libgcc.a(trunctfdf2.o)

.debug_abbrev   0x0000000000000000     0x5cbf
 .debug_abbrev  0x0000000000000000      0x22a build/gd32vf103_spi.o
 .debug_abbrev  0x000000000000022a      0x2c4 build/gd32vf103_rcu.o
 .debug_abbrev  0x00000000000004ee      0x21f build/gd32vf103_gpio.o
 .debug_abbrev  0x000000000000070d      0x308 build/gd32vf103_timer.o
 .debug_abbrev  0x0000000000000a15      0x20a build/gd32vf103_i2c.o
 .debug_abbrev  0x0000000000000c1f       0xde build/system_gd32vf103.o
 .debug_abbrev  0x0000000000000cfd      0x107 build/write_hex.o
 .debug_abbrev  0x0000000000000e04       0xac build/sbrk.o
 .debug_abbrev  0x0000000000000eb0       0xda build/_exit.o
 .debug_abbrev  0x0000000000000f8a      0x4c9 build/n200_func.o
 .debug_abbrev  0x0000000000001453      0x234 build/handlers.o
 .debug_abbrev  0x0000000000001687      0x22b build/init.o
 .debug_abbrev  0x00000000000018b2      0x116 build/delay.o
 .debug_abbrev  0x00000000000019c8       0xd2 build/tf_delay.o
 .debug_abbrev  0x0000000000001a9a      0x496 build/tf_card.o
 .debug_abbrev  0x0000000000001f30      0x200 build/gd32v_tf_card_if.o
 .debug_abbrev  0x0000000000002130      0x347 build/ff.o
 .debug_abbrev  0x0000000000002477      0x31e build/mpu6500_driver.o
 .debug_abbrev  0x0000000000002795      0x31a build/gd32v_mpu6500_if.o
 .debug_abbrev  0x0000000000002aaf      0x16a build/pwm.o
 .debug_abbrev  0x0000000000002c19      0x354 build/main.o
 .debug_abbrev  0x0000000000002f6d       0x14 build/start.o
 .debug_abbrev  0x0000000000002f81       0x12 build/entry.o
 .debug_abbrev  0x0000000000002f93      0x187 c:/idrotttek-kurs/toolchain-gd32v-win/compiler/bin/../lib/gcc/riscv64-unknown-elf/8.3.0/rv32imac/ilp32\libgcc.a(divdf3.o)
 .debug_abbrev  0x000000000000311a      0x199 c:/idrotttek-kurs/toolchain-gd32v-win/compiler/bin/../lib/gcc/riscv64-unknown-elf/8.3.0/rv32imac/ilp32\libgcc.a(gedf2.o)
 .debug_abbrev  0x00000000000032b3      0x199 c:/idrotttek-kurs/toolchain-gd32v-win/compiler/bin/../lib/gcc/riscv64-unknown-elf/8.3.0/rv32imac/ilp32\libgcc.a(ledf2.o)
 .debug_abbrev  0x000000000000344c      0x197 c:/idrotttek-kurs/toolchain-gd32v-win/compiler/bin/../lib/gcc/riscv64-unknown-elf/8.3.0/rv32imac/ilp32\libgcc.a(muldf3.o)
 .debug_abbrev  0x00000000000035e3      0x181 c:/idrotttek-kurs/toolchain-gd32v-win/compiler/bin/../lib/gcc/riscv64-unknown-elf/8.3.0/rv32imac/ilp32\libgcc.a(floatsidf.o)
 .debug_abbrev  0x0000000000003764      0x178 c:/idrotttek-kurs/toolchain-gd32v-win/compiler/bin/../lib/gcc/riscv64-unknown-elf/8.3.0/rv32imac/ilp32\libgcc.a(floatunsidf.o)
 .debug_abbrev  0x00000000000038dc      0x19f c:/idrotttek-kurs/toolchain-gd32v-win/compiler/bin/../lib/gcc/riscv64-unknown-elf/8.3.0/rv32imac/ilp32\libgcc.a(floatundidf.o)
 .debug_abbrev  0x0000000000003a7b      0x17a c:/idrotttek-kurs/toolchain-gd32v-win/compiler/bin/../lib/gcc/riscv64-unknown-elf/8.3.0/rv32imac/ilp32\libgcc.a(mulsf3.o)
 .debug_abbrev  0x0000000000003bf5      0x198 c:/idrotttek-kurs/toolchain-gd32v-win/compiler/bin/../lib/gcc/riscv64-unknown-elf/8.3.0/rv32imac/ilp32\libgcc.a(floatsisf.o)
 .debug_abbrev  0x0000000000003d8d      0x17b c:/idrotttek-kurs/toolchain-gd32v-win/compiler/bin/../lib/gcc/riscv64-unknown-elf/8.3.0/rv32imac/ilp32\libgcc.a(extendsfdf2.o)
 .debug_abbrev  0x0000000000003f08      0x275 c:/idrotttek-kurs/toolchain-gd32v-win/compiler/bin/../lib/gcc/riscv64-unknown-elf/8.3.0/rv32imac/ilp32\libgcc.a(_lshrdi3.o)
 .debug_abbrev  0x000000000000417d      0x275 c:/idrotttek-kurs/toolchain-gd32v-win/compiler/bin/../lib/gcc/riscv64-unknown-elf/8.3.0/rv32imac/ilp32\libgcc.a(_ashldi3.o)
 .debug_abbrev  0x00000000000043f2      0x242 c:/idrotttek-kurs/toolchain-gd32v-win/compiler/bin/../lib/gcc/riscv64-unknown-elf/8.3.0/rv32imac/ilp32\libgcc.a(_clzsi2.o)
 .debug_abbrev  0x0000000000004634      0x1e8 c:/idrotttek-kurs/toolchain-gd32v-win/compiler/bin/../lib/gcc/riscv64-unknown-elf/8.3.0/rv32imac/ilp32\libgcc.a(_clz.o)
 .debug_abbrev  0x000000000000481c      0x2cc c:/idrotttek-kurs/toolchain-gd32v-win/compiler/bin/../lib/gcc/riscv64-unknown-elf/8.3.0/rv32imac/ilp32\libgcc.a(_udivdi3.o)
 .debug_abbrev  0x0000000000004ae8      0x2e8 c:/idrotttek-kurs/toolchain-gd32v-win/compiler/bin/../lib/gcc/riscv64-unknown-elf/8.3.0/rv32imac/ilp32\libgcc.a(_umoddi3.o)
 .debug_abbrev  0x0000000000004dd0      0x18b c:/idrotttek-kurs/toolchain-gd32v-win/compiler/bin/../lib/gcc/riscv64-unknown-elf/8.3.0/rv32imac/ilp32\libgcc.a(eqtf2.o)
 .debug_abbrev  0x0000000000004f5b      0x19e c:/idrotttek-kurs/toolchain-gd32v-win/compiler/bin/../lib/gcc/riscv64-unknown-elf/8.3.0/rv32imac/ilp32\libgcc.a(getf2.o)
 .debug_abbrev  0x00000000000050f9      0x19e c:/idrotttek-kurs/toolchain-gd32v-win/compiler/bin/../lib/gcc/riscv64-unknown-elf/8.3.0/rv32imac/ilp32\libgcc.a(letf2.o)
 .debug_abbrev  0x0000000000005297      0x1a8 c:/idrotttek-kurs/toolchain-gd32v-win/compiler/bin/../lib/gcc/riscv64-unknown-elf/8.3.0/rv32imac/ilp32\libgcc.a(multf3.o)
 .debug_abbrev  0x000000000000543f      0x1bd c:/idrotttek-kurs/toolchain-gd32v-win/compiler/bin/../lib/gcc/riscv64-unknown-elf/8.3.0/rv32imac/ilp32\libgcc.a(subtf3.o)
 .debug_abbrev  0x00000000000055fc      0x1ac c:/idrotttek-kurs/toolchain-gd32v-win/compiler/bin/../lib/gcc/riscv64-unknown-elf/8.3.0/rv32imac/ilp32\libgcc.a(fixtfsi.o)
 .debug_abbrev  0x00000000000057a8      0x1b5 c:/idrotttek-kurs/toolchain-gd32v-win/compiler/bin/../lib/gcc/riscv64-unknown-elf/8.3.0/rv32imac/ilp32\libgcc.a(floatsitf.o)
 .debug_abbrev  0x000000000000595d      0x1ab c:/idrotttek-kurs/toolchain-gd32v-win/compiler/bin/../lib/gcc/riscv64-unknown-elf/8.3.0/rv32imac/ilp32\libgcc.a(extenddftf2.o)
 .debug_abbrev  0x0000000000005b08      0x1b7 c:/idrotttek-kurs/toolchain-gd32v-win/compiler/bin/../lib/gcc/riscv64-unknown-elf/8.3.0/rv32imac/ilp32\libgcc.a(trunctfdf2.o)

.debug_loc      0x0000000000000000    0x1abc8
 .debug_loc     0x0000000000000000      0x5b7 build/gd32vf103_spi.o
 .debug_loc     0x00000000000005b7      0xbe4 build/gd32vf103_rcu.o
 .debug_loc     0x000000000000119b      0x519 build/gd32vf103_gpio.o
 .debug_loc     0x00000000000016b4     0x1094 build/gd32vf103_timer.o
 .debug_loc     0x0000000000002748      0x96a build/gd32vf103_i2c.o
 .debug_loc     0x00000000000030b2      0x1e4 build/system_gd32vf103.o
 .debug_loc     0x0000000000003296       0xd0 build/write_hex.o
 .debug_loc     0x0000000000003366       0x21 build/sbrk.o
 .debug_loc     0x0000000000003387       0x3e build/_exit.o
 .debug_loc     0x00000000000033c5      0x914 build/n200_func.o
 .debug_loc     0x0000000000003cd9       0x98 build/handlers.o
 .debug_loc     0x0000000000003d71       0x2c build/init.o
 .debug_loc     0x0000000000003d9d      0x25c build/delay.o
 .debug_loc     0x0000000000003ff9       0x9c build/tf_delay.o
 .debug_loc     0x0000000000004095      0xdde build/tf_card.o
 .debug_loc     0x0000000000004e73     0x4051 build/ff.o
 .debug_loc     0x0000000000008ec4      0x877 build/mpu6500_driver.o
 .debug_loc     0x000000000000973b      0x3ba build/gd32v_mpu6500_if.o
 .debug_loc     0x0000000000009af5       0xd4 build/pwm.o
 .debug_loc     0x0000000000009bc9      0x332 build/main.o
 .debug_loc     0x0000000000009efb     0x129b c:/idrotttek-kurs/toolchain-gd32v-win/compiler/bin/../lib/gcc/riscv64-unknown-elf/8.3.0/rv32imac/ilp32\libgcc.a(divdf3.o)
 .debug_loc     0x000000000000b196      0x156 c:/idrotttek-kurs/toolchain-gd32v-win/compiler/bin/../lib/gcc/riscv64-unknown-elf/8.3.0/rv32imac/ilp32\libgcc.a(gedf2.o)
 .debug_loc     0x000000000000b2ec      0x156 c:/idrotttek-kurs/toolchain-gd32v-win/compiler/bin/../lib/gcc/riscv64-unknown-elf/8.3.0/rv32imac/ilp32\libgcc.a(ledf2.o)
 .debug_loc     0x000000000000b442      0xd6e c:/idrotttek-kurs/toolchain-gd32v-win/compiler/bin/../lib/gcc/riscv64-unknown-elf/8.3.0/rv32imac/ilp32\libgcc.a(muldf3.o)
 .debug_loc     0x000000000000c1b0      0x159 c:/idrotttek-kurs/toolchain-gd32v-win/compiler/bin/../lib/gcc/riscv64-unknown-elf/8.3.0/rv32imac/ilp32\libgcc.a(floatsidf.o)
 .debug_loc     0x000000000000c309      0x15c c:/idrotttek-kurs/toolchain-gd32v-win/compiler/bin/../lib/gcc/riscv64-unknown-elf/8.3.0/rv32imac/ilp32\libgcc.a(floatunsidf.o)
 .debug_loc     0x000000000000c465      0x2ec c:/idrotttek-kurs/toolchain-gd32v-win/compiler/bin/../lib/gcc/riscv64-unknown-elf/8.3.0/rv32imac/ilp32\libgcc.a(floatundidf.o)
 .debug_loc     0x000000000000c751      0x5e4 c:/idrotttek-kurs/toolchain-gd32v-win/compiler/bin/../lib/gcc/riscv64-unknown-elf/8.3.0/rv32imac/ilp32\libgcc.a(mulsf3.o)
 .debug_loc     0x000000000000cd35      0x1ac c:/idrotttek-kurs/toolchain-gd32v-win/compiler/bin/../lib/gcc/riscv64-unknown-elf/8.3.0/rv32imac/ilp32\libgcc.a(floatsisf.o)
 .debug_loc     0x000000000000cee1      0x1a4 c:/idrotttek-kurs/toolchain-gd32v-win/compiler/bin/../lib/gcc/riscv64-unknown-elf/8.3.0/rv32imac/ilp32\libgcc.a(extendsfdf2.o)
 .debug_loc     0x000000000000d085       0x7e c:/idrotttek-kurs/toolchain-gd32v-win/compiler/bin/../lib/gcc/riscv64-unknown-elf/8.3.0/rv32imac/ilp32\libgcc.a(_lshrdi3.o)
 .debug_loc     0x000000000000d103       0x7e c:/idrotttek-kurs/toolchain-gd32v-win/compiler/bin/../lib/gcc/riscv64-unknown-elf/8.3.0/rv32imac/ilp32\libgcc.a(_ashldi3.o)
 .debug_loc     0x000000000000d181       0x6b c:/idrotttek-kurs/toolchain-gd32v-win/compiler/bin/../lib/gcc/riscv64-unknown-elf/8.3.0/rv32imac/ilp32\libgcc.a(_clzsi2.o)
 .debug_loc     0x000000000000d1ec      0xbd0 c:/idrotttek-kurs/toolchain-gd32v-win/compiler/bin/../lib/gcc/riscv64-unknown-elf/8.3.0/rv32imac/ilp32\libgcc.a(_udivdi3.o)
 .debug_loc     0x000000000000ddbc      0x969 c:/idrotttek-kurs/toolchain-gd32v-win/compiler/bin/../lib/gcc/riscv64-unknown-elf/8.3.0/rv32imac/ilp32\libgcc.a(_umoddi3.o)
 .debug_loc     0x000000000000e725       0x87 c:/idrotttek-kurs/toolchain-gd32v-win/compiler/bin/../lib/gcc/riscv64-unknown-elf/8.3.0/rv32imac/ilp32\libgcc.a(eqtf2.o)
 .debug_loc     0x000000000000e7ac      0x134 c:/idrotttek-kurs/toolchain-gd32v-win/compiler/bin/../lib/gcc/riscv64-unknown-elf/8.3.0/rv32imac/ilp32\libgcc.a(getf2.o)
 .debug_loc     0x000000000000e8e0      0x134 c:/idrotttek-kurs/toolchain-gd32v-win/compiler/bin/../lib/gcc/riscv64-unknown-elf/8.3.0/rv32imac/ilp32\libgcc.a(letf2.o)
 .debug_loc     0x000000000000ea14     0x8fad c:/idrotttek-kurs/toolchain-gd32v-win/compiler/bin/../lib/gcc/riscv64-unknown-elf/8.3.0/rv32imac/ilp32\libgcc.a(multf3.o)
 .debug_loc     0x00000000000179c1     0x22af c:/idrotttek-kurs/toolchain-gd32v-win/compiler/bin/../lib/gcc/riscv64-unknown-elf/8.3.0/rv32imac/ilp32\libgcc.a(subtf3.o)
 .debug_loc     0x0000000000019c70      0x302 c:/idrotttek-kurs/toolchain-gd32v-win/compiler/bin/../lib/gcc/riscv64-unknown-elf/8.3.0/rv32imac/ilp32\libgcc.a(fixtfsi.o)
 .debug_loc     0x0000000000019f72      0x1f8 c:/idrotttek-kurs/toolchain-gd32v-win/compiler/bin/../lib/gcc/riscv64-unknown-elf/8.3.0/rv32imac/ilp32\libgcc.a(floatsitf.o)
 .debug_loc     0x000000000001a16a      0x417 c:/idrotttek-kurs/toolchain-gd32v-win/compiler/bin/../lib/gcc/riscv64-unknown-elf/8.3.0/rv32imac/ilp32\libgcc.a(extenddftf2.o)
 .debug_loc     0x000000000001a581      0x647 c:/idrotttek-kurs/toolchain-gd32v-win/compiler/bin/../lib/gcc/riscv64-unknown-elf/8.3.0/rv32imac/ilp32\libgcc.a(trunctfdf2.o)

.debug_aranges  0x0000000000000000      0xe90
 .debug_aranges
                0x0000000000000000      0x128 build/gd32vf103_spi.o
 .debug_aranges
                0x0000000000000128      0x160 build/gd32vf103_rcu.o
 .debug_aranges
                0x0000000000000288       0xa0 build/gd32vf103_gpio.o
 .debug_aranges
                0x0000000000000328      0x240 build/gd32vf103_timer.o
 .debug_aranges
                0x0000000000000568      0x110 build/gd32vf103_i2c.o
 .debug_aranges
                0x0000000000000678       0x28 build/system_gd32vf103.o
 .debug_aranges
                0x00000000000006a0       0x20 build/write_hex.o
 .debug_aranges
                0x00000000000006c0       0x20 build/sbrk.o
 .debug_aranges
                0x00000000000006e0       0x20 build/_exit.o
 .debug_aranges
                0x0000000000000700      0x140 build/n200_func.o
 .debug_aranges
                0x0000000000000840       0x28 build/handlers.o
 .debug_aranges
                0x0000000000000868       0x28 build/init.o
 .debug_aranges
                0x0000000000000890       0x40 build/delay.o
 .debug_aranges
                0x00000000000008d0       0x28 build/tf_delay.o
 .debug_aranges
                0x00000000000008f8       0x70 build/tf_card.o
 .debug_aranges
                0x0000000000000968       0x28 build/gd32v_tf_card_if.o
 .debug_aranges
                0x0000000000000990       0xb0 build/ff.o
 .debug_aranges
                0x0000000000000a40       0x50 build/mpu6500_driver.o
 .debug_aranges
                0x0000000000000a90       0x40 build/gd32v_mpu6500_if.o
 .debug_aranges
                0x0000000000000ad0       0x30 build/pwm.o
 .debug_aranges
                0x0000000000000b00       0x30 build/main.o
 .debug_aranges
                0x0000000000000b30       0x20 build/start.o
 .debug_aranges
                0x0000000000000b50       0x28 build/entry.o
 .debug_aranges
                0x0000000000000b78       0x20 c:/idrotttek-kurs/toolchain-gd32v-win/compiler/bin/../lib/gcc/riscv64-unknown-elf/8.3.0/rv32imac/ilp32\libgcc.a(divdf3.o)
 .debug_aranges
                0x0000000000000b98       0x20 c:/idrotttek-kurs/toolchain-gd32v-win/compiler/bin/../lib/gcc/riscv64-unknown-elf/8.3.0/rv32imac/ilp32\libgcc.a(gedf2.o)
 .debug_aranges
                0x0000000000000bb8       0x20 c:/idrotttek-kurs/toolchain-gd32v-win/compiler/bin/../lib/gcc/riscv64-unknown-elf/8.3.0/rv32imac/ilp32\libgcc.a(ledf2.o)
 .debug_aranges
                0x0000000000000bd8       0x20 c:/idrotttek-kurs/toolchain-gd32v-win/compiler/bin/../lib/gcc/riscv64-unknown-elf/8.3.0/rv32imac/ilp32\libgcc.a(muldf3.o)
 .debug_aranges
                0x0000000000000bf8       0x20 c:/idrotttek-kurs/toolchain-gd32v-win/compiler/bin/../lib/gcc/riscv64-unknown-elf/8.3.0/rv32imac/ilp32\libgcc.a(floatsidf.o)
 .debug_aranges
                0x0000000000000c18       0x20 c:/idrotttek-kurs/toolchain-gd32v-win/compiler/bin/../lib/gcc/riscv64-unknown-elf/8.3.0/rv32imac/ilp32\libgcc.a(floatunsidf.o)
 .debug_aranges
                0x0000000000000c38       0x20 c:/idrotttek-kurs/toolchain-gd32v-win/compiler/bin/../lib/gcc/riscv64-unknown-elf/8.3.0/rv32imac/ilp32\libgcc.a(floatundidf.o)
 .debug_aranges
                0x0000000000000c58       0x20 c:/idrotttek-kurs/toolchain-gd32v-win/compiler/bin/../lib/gcc/riscv64-unknown-elf/8.3.0/rv32imac/ilp32\libgcc.a(mulsf3.o)
 .debug_aranges
                0x0000000000000c78       0x20 c:/idrotttek-kurs/toolchain-gd32v-win/compiler/bin/../lib/gcc/riscv64-unknown-elf/8.3.0/rv32imac/ilp32\libgcc.a(floatsisf.o)
 .debug_aranges
                0x0000000000000c98       0x20 c:/idrotttek-kurs/toolchain-gd32v-win/compiler/bin/../lib/gcc/riscv64-unknown-elf/8.3.0/rv32imac/ilp32\libgcc.a(extendsfdf2.o)
 .debug_aranges
                0x0000000000000cb8       0x20 c:/idrotttek-kurs/toolchain-gd32v-win/compiler/bin/../lib/gcc/riscv64-unknown-elf/8.3.0/rv32imac/ilp32\libgcc.a(_lshrdi3.o)
 .debug_aranges
                0x0000000000000cd8       0x20 c:/idrotttek-kurs/toolchain-gd32v-win/compiler/bin/../lib/gcc/riscv64-unknown-elf/8.3.0/rv32imac/ilp32\libgcc.a(_ashldi3.o)
 .debug_aranges
                0x0000000000000cf8       0x20 c:/idrotttek-kurs/toolchain-gd32v-win/compiler/bin/../lib/gcc/riscv64-unknown-elf/8.3.0/rv32imac/ilp32\libgcc.a(_clzsi2.o)
 .debug_aranges
                0x0000000000000d18       0x18 c:/idrotttek-kurs/toolchain-gd32v-win/compiler/bin/../lib/gcc/riscv64-unknown-elf/8.3.0/rv32imac/ilp32\libgcc.a(_clz.o)
 .debug_aranges
                0x0000000000000d30       0x20 c:/idrotttek-kurs/toolchain-gd32v-win/compiler/bin/../lib/gcc/riscv64-unknown-elf/8.3.0/rv32imac/ilp32\libgcc.a(_udivdi3.o)
 .debug_aranges
                0x0000000000000d50       0x20 c:/idrotttek-kurs/toolchain-gd32v-win/compiler/bin/../lib/gcc/riscv64-unknown-elf/8.3.0/rv32imac/ilp32\libgcc.a(_umoddi3.o)
 .debug_aranges
                0x0000000000000d70       0x20 c:/idrotttek-kurs/toolchain-gd32v-win/compiler/bin/../lib/gcc/riscv64-unknown-elf/8.3.0/rv32imac/ilp32\libgcc.a(eqtf2.o)
 .debug_aranges
                0x0000000000000d90       0x20 c:/idrotttek-kurs/toolchain-gd32v-win/compiler/bin/../lib/gcc/riscv64-unknown-elf/8.3.0/rv32imac/ilp32\libgcc.a(getf2.o)
 .debug_aranges
                0x0000000000000db0       0x20 c:/idrotttek-kurs/toolchain-gd32v-win/compiler/bin/../lib/gcc/riscv64-unknown-elf/8.3.0/rv32imac/ilp32\libgcc.a(letf2.o)
 .debug_aranges
                0x0000000000000dd0       0x20 c:/idrotttek-kurs/toolchain-gd32v-win/compiler/bin/../lib/gcc/riscv64-unknown-elf/8.3.0/rv32imac/ilp32\libgcc.a(multf3.o)
 .debug_aranges
                0x0000000000000df0       0x20 c:/idrotttek-kurs/toolchain-gd32v-win/compiler/bin/../lib/gcc/riscv64-unknown-elf/8.3.0/rv32imac/ilp32\libgcc.a(subtf3.o)
 .debug_aranges
                0x0000000000000e10       0x20 c:/idrotttek-kurs/toolchain-gd32v-win/compiler/bin/../lib/gcc/riscv64-unknown-elf/8.3.0/rv32imac/ilp32\libgcc.a(fixtfsi.o)
 .debug_aranges
                0x0000000000000e30       0x20 c:/idrotttek-kurs/toolchain-gd32v-win/compiler/bin/../lib/gcc/riscv64-unknown-elf/8.3.0/rv32imac/ilp32\libgcc.a(floatsitf.o)
 .debug_aranges
                0x0000000000000e50       0x20 c:/idrotttek-kurs/toolchain-gd32v-win/compiler/bin/../lib/gcc/riscv64-unknown-elf/8.3.0/rv32imac/ilp32\libgcc.a(extenddftf2.o)
 .debug_aranges
                0x0000000000000e70       0x20 c:/idrotttek-kurs/toolchain-gd32v-win/compiler/bin/../lib/gcc/riscv64-unknown-elf/8.3.0/rv32imac/ilp32\libgcc.a(trunctfdf2.o)

.debug_ranges   0x0000000000000000     0x2d30
 .debug_ranges  0x0000000000000000      0x118 build/gd32vf103_spi.o
 .debug_ranges  0x0000000000000118      0x270 build/gd32vf103_rcu.o
 .debug_ranges  0x0000000000000388       0x90 build/gd32vf103_gpio.o
 .debug_ranges  0x0000000000000418      0x280 build/gd32vf103_timer.o
 .debug_ranges  0x0000000000000698      0x100 build/gd32vf103_i2c.o
 .debug_ranges  0x0000000000000798       0x38 build/system_gd32vf103.o
 .debug_ranges  0x00000000000007d0       0x30 build/write_hex.o
 .debug_ranges  0x0000000000000800       0x10 build/sbrk.o
 .debug_ranges  0x0000000000000810       0x10 build/_exit.o
 .debug_ranges  0x0000000000000820      0x328 build/n200_func.o
 .debug_ranges  0x0000000000000b48       0x18 build/handlers.o
 .debug_ranges  0x0000000000000b60       0x18 build/init.o
 .debug_ranges  0x0000000000000b78       0x30 build/delay.o
 .debug_ranges  0x0000000000000ba8       0x18 build/tf_delay.o
 .debug_ranges  0x0000000000000bc0      0x120 build/tf_card.o
 .debug_ranges  0x0000000000000ce0       0x18 build/gd32v_tf_card_if.o
 .debug_ranges  0x0000000000000cf8      0x780 build/ff.o
 .debug_ranges  0x0000000000001478      0x1a0 build/mpu6500_driver.o
 .debug_ranges  0x0000000000001618       0x68 build/gd32v_mpu6500_if.o
 .debug_ranges  0x0000000000001680       0x20 build/pwm.o
 .debug_ranges  0x00000000000016a0       0x20 build/main.o
 .debug_ranges  0x00000000000016c0       0x20 build/entry.o
 .debug_ranges  0x00000000000016e0      0x180 c:/idrotttek-kurs/toolchain-gd32v-win/compiler/bin/../lib/gcc/riscv64-unknown-elf/8.3.0/rv32imac/ilp32\libgcc.a(divdf3.o)
 .debug_ranges  0x0000000000001860       0x68 c:/idrotttek-kurs/toolchain-gd32v-win/compiler/bin/../lib/gcc/riscv64-unknown-elf/8.3.0/rv32imac/ilp32\libgcc.a(gedf2.o)
 .debug_ranges  0x00000000000018c8       0x68 c:/idrotttek-kurs/toolchain-gd32v-win/compiler/bin/../lib/gcc/riscv64-unknown-elf/8.3.0/rv32imac/ilp32\libgcc.a(ledf2.o)
 .debug_ranges  0x0000000000001930      0x1c0 c:/idrotttek-kurs/toolchain-gd32v-win/compiler/bin/../lib/gcc/riscv64-unknown-elf/8.3.0/rv32imac/ilp32\libgcc.a(muldf3.o)
 .debug_ranges  0x0000000000001af0       0x50 c:/idrotttek-kurs/toolchain-gd32v-win/compiler/bin/../lib/gcc/riscv64-unknown-elf/8.3.0/rv32imac/ilp32\libgcc.a(floatsidf.o)
 .debug_ranges  0x0000000000001b40       0x68 c:/idrotttek-kurs/toolchain-gd32v-win/compiler/bin/../lib/gcc/riscv64-unknown-elf/8.3.0/rv32imac/ilp32\libgcc.a(floatunsidf.o)
 .debug_ranges  0x0000000000001ba8       0x68 c:/idrotttek-kurs/toolchain-gd32v-win/compiler/bin/../lib/gcc/riscv64-unknown-elf/8.3.0/rv32imac/ilp32\libgcc.a(floatundidf.o)
 .debug_ranges  0x0000000000001c10       0xa8 c:/idrotttek-kurs/toolchain-gd32v-win/compiler/bin/../lib/gcc/riscv64-unknown-elf/8.3.0/rv32imac/ilp32\libgcc.a(mulsf3.o)
 .debug_ranges  0x0000000000001cb8       0x50 c:/idrotttek-kurs/toolchain-gd32v-win/compiler/bin/../lib/gcc/riscv64-unknown-elf/8.3.0/rv32imac/ilp32\libgcc.a(floatsisf.o)
 .debug_ranges  0x0000000000001d08       0x38 c:/idrotttek-kurs/toolchain-gd32v-win/compiler/bin/../lib/gcc/riscv64-unknown-elf/8.3.0/rv32imac/ilp32\libgcc.a(extendsfdf2.o)
 .debug_ranges  0x0000000000001d40       0x20 c:/idrotttek-kurs/toolchain-gd32v-win/compiler/bin/../lib/gcc/riscv64-unknown-elf/8.3.0/rv32imac/ilp32\libgcc.a(_clzsi2.o)
 .debug_ranges  0x0000000000001d60      0x100 c:/idrotttek-kurs/toolchain-gd32v-win/compiler/bin/../lib/gcc/riscv64-unknown-elf/8.3.0/rv32imac/ilp32\libgcc.a(_udivdi3.o)
 .debug_ranges  0x0000000000001e60       0xd0 c:/idrotttek-kurs/toolchain-gd32v-win/compiler/bin/../lib/gcc/riscv64-unknown-elf/8.3.0/rv32imac/ilp32\libgcc.a(_umoddi3.o)
 .debug_ranges  0x0000000000001f30       0x58 c:/idrotttek-kurs/toolchain-gd32v-win/compiler/bin/../lib/gcc/riscv64-unknown-elf/8.3.0/rv32imac/ilp32\libgcc.a(eqtf2.o)
 .debug_ranges  0x0000000000001f88       0x78 c:/idrotttek-kurs/toolchain-gd32v-win/compiler/bin/../lib/gcc/riscv64-unknown-elf/8.3.0/rv32imac/ilp32\libgcc.a(getf2.o)
 .debug_ranges  0x0000000000002000       0x78 c:/idrotttek-kurs/toolchain-gd32v-win/compiler/bin/../lib/gcc/riscv64-unknown-elf/8.3.0/rv32imac/ilp32\libgcc.a(letf2.o)
 .debug_ranges  0x0000000000002078      0x760 c:/idrotttek-kurs/toolchain-gd32v-win/compiler/bin/../lib/gcc/riscv64-unknown-elf/8.3.0/rv32imac/ilp32\libgcc.a(multf3.o)
 .debug_ranges  0x00000000000027d8      0x350 c:/idrotttek-kurs/toolchain-gd32v-win/compiler/bin/../lib/gcc/riscv64-unknown-elf/8.3.0/rv32imac/ilp32\libgcc.a(subtf3.o)
 .debug_ranges  0x0000000000002b28       0x40 c:/idrotttek-kurs/toolchain-gd32v-win/compiler/bin/../lib/gcc/riscv64-unknown-elf/8.3.0/rv32imac/ilp32\libgcc.a(fixtfsi.o)
 .debug_ranges  0x0000000000002b68       0x58 c:/idrotttek-kurs/toolchain-gd32v-win/compiler/bin/../lib/gcc/riscv64-unknown-elf/8.3.0/rv32imac/ilp32\libgcc.a(floatsitf.o)
 .debug_ranges  0x0000000000002bc0       0x98 c:/idrotttek-kurs/toolchain-gd32v-win/compiler/bin/../lib/gcc/riscv64-unknown-elf/8.3.0/rv32imac/ilp32\libgcc.a(extenddftf2.o)
 .debug_ranges  0x0000000000002c58       0xd8 c:/idrotttek-kurs/toolchain-gd32v-win/compiler/bin/../lib/gcc/riscv64-unknown-elf/8.3.0/rv32imac/ilp32\libgcc.a(trunctfdf2.o)

.debug_line     0x0000000000000000    0x1e616
 .debug_line    0x0000000000000000      0xec8 build/gd32vf103_spi.o
 .debug_line    0x0000000000000ec8     0x167e build/gd32vf103_rcu.o
 .debug_line    0x0000000000002546      0xc0d build/gd32vf103_gpio.o
 .debug_line    0x0000000000003153     0x2ded build/gd32vf103_timer.o
 .debug_line    0x0000000000005f40     0x1079 build/gd32vf103_i2c.o
 .debug_line    0x0000000000006fb9      0x757 build/system_gd32vf103.o
 .debug_line    0x0000000000007710      0x24b build/write_hex.o
 .debug_line    0x000000000000795b      0x132 build/sbrk.o
 .debug_line    0x0000000000007a8d      0x14c build/_exit.o
 .debug_line    0x0000000000007bd9     0x1352 build/n200_func.o
 .debug_line    0x0000000000008f2b      0x243 build/handlers.o
 .debug_line    0x000000000000916e      0x282 build/init.o
 .debug_line    0x00000000000093f0      0x522 build/delay.o
 .debug_line    0x0000000000009912      0x279 build/tf_delay.o
 .debug_line    0x0000000000009b8b     0x17a5 build/tf_card.o
 .debug_line    0x000000000000b330      0x317 build/gd32v_tf_card_if.o
 .debug_line    0x000000000000b647     0x5702 build/ff.o
 .debug_line    0x0000000000010d49      0x849 build/mpu6500_driver.o
 .debug_line    0x0000000000011592      0x8e6 build/gd32v_mpu6500_if.o
 .debug_line    0x0000000000011e78      0x585 build/pwm.o
 .debug_line    0x00000000000123fd      0x940 build/main.o
 .debug_line    0x0000000000012d3d      0x187 build/start.o
 .debug_line    0x0000000000012ec4       0xe3 build/entry.o
 .debug_line    0x0000000000012fa7      0xe35 c:/idrotttek-kurs/toolchain-gd32v-win/compiler/bin/../lib/gcc/riscv64-unknown-elf/8.3.0/rv32imac/ilp32\libgcc.a(divdf3.o)
 .debug_line    0x0000000000013ddc      0x303 c:/idrotttek-kurs/toolchain-gd32v-win/compiler/bin/../lib/gcc/riscv64-unknown-elf/8.3.0/rv32imac/ilp32\libgcc.a(gedf2.o)
 .debug_line    0x00000000000140df      0x303 c:/idrotttek-kurs/toolchain-gd32v-win/compiler/bin/../lib/gcc/riscv64-unknown-elf/8.3.0/rv32imac/ilp32\libgcc.a(ledf2.o)
 .debug_line    0x00000000000143e2      0xbf8 c:/idrotttek-kurs/toolchain-gd32v-win/compiler/bin/../lib/gcc/riscv64-unknown-elf/8.3.0/rv32imac/ilp32\libgcc.a(muldf3.o)
 .debug_line    0x0000000000014fda      0x21f c:/idrotttek-kurs/toolchain-gd32v-win/compiler/bin/../lib/gcc/riscv64-unknown-elf/8.3.0/rv32imac/ilp32\libgcc.a(floatsidf.o)
 .debug_line    0x00000000000151f9      0x239 c:/idrotttek-kurs/toolchain-gd32v-win/compiler/bin/../lib/gcc/riscv64-unknown-elf/8.3.0/rv32imac/ilp32\libgcc.a(floatunsidf.o)
 .debug_line    0x0000000000015432      0x3f5 c:/idrotttek-kurs/toolchain-gd32v-win/compiler/bin/../lib/gcc/riscv64-unknown-elf/8.3.0/rv32imac/ilp32\libgcc.a(floatundidf.o)
 .debug_line    0x0000000000015827      0x666 c:/idrotttek-kurs/toolchain-gd32v-win/compiler/bin/../lib/gcc/riscv64-unknown-elf/8.3.0/rv32imac/ilp32\libgcc.a(mulsf3.o)
 .debug_line    0x0000000000015e8d      0x2fb c:/idrotttek-kurs/toolchain-gd32v-win/compiler/bin/../lib/gcc/riscv64-unknown-elf/8.3.0/rv32imac/ilp32\libgcc.a(floatsisf.o)
 .debug_line    0x0000000000016188      0x369 c:/idrotttek-kurs/toolchain-gd32v-win/compiler/bin/../lib/gcc/riscv64-unknown-elf/8.3.0/rv32imac/ilp32\libgcc.a(extendsfdf2.o)
 .debug_line    0x00000000000164f1      0x4c4 c:/idrotttek-kurs/toolchain-gd32v-win/compiler/bin/../lib/gcc/riscv64-unknown-elf/8.3.0/rv32imac/ilp32\libgcc.a(_lshrdi3.o)
 .debug_line    0x00000000000169b5      0x4c4 c:/idrotttek-kurs/toolchain-gd32v-win/compiler/bin/../lib/gcc/riscv64-unknown-elf/8.3.0/rv32imac/ilp32\libgcc.a(_ashldi3.o)
 .debug_line    0x0000000000016e79      0x472 c:/idrotttek-kurs/toolchain-gd32v-win/compiler/bin/../lib/gcc/riscv64-unknown-elf/8.3.0/rv32imac/ilp32\libgcc.a(_clzsi2.o)
 .debug_line    0x00000000000172eb      0x3f0 c:/idrotttek-kurs/toolchain-gd32v-win/compiler/bin/../lib/gcc/riscv64-unknown-elf/8.3.0/rv32imac/ilp32\libgcc.a(_clz.o)
 .debug_line    0x00000000000176db      0xab4 c:/idrotttek-kurs/toolchain-gd32v-win/compiler/bin/../lib/gcc/riscv64-unknown-elf/8.3.0/rv32imac/ilp32\libgcc.a(_udivdi3.o)
 .debug_line    0x000000000001818f      0xb64 c:/idrotttek-kurs/toolchain-gd32v-win/compiler/bin/../lib/gcc/riscv64-unknown-elf/8.3.0/rv32imac/ilp32\libgcc.a(_umoddi3.o)
 .debug_line    0x0000000000018cf3      0x2ac c:/idrotttek-kurs/toolchain-gd32v-win/compiler/bin/../lib/gcc/riscv64-unknown-elf/8.3.0/rv32imac/ilp32\libgcc.a(eqtf2.o)
 .debug_line    0x0000000000018f9f      0x393 c:/idrotttek-kurs/toolchain-gd32v-win/compiler/bin/../lib/gcc/riscv64-unknown-elf/8.3.0/rv32imac/ilp32\libgcc.a(getf2.o)
 .debug_line    0x0000000000019332      0x393 c:/idrotttek-kurs/toolchain-gd32v-win/compiler/bin/../lib/gcc/riscv64-unknown-elf/8.3.0/rv32imac/ilp32\libgcc.a(letf2.o)
 .debug_line    0x00000000000196c5     0x1e57 c:/idrotttek-kurs/toolchain-gd32v-win/compiler/bin/../lib/gcc/riscv64-unknown-elf/8.3.0/rv32imac/ilp32\libgcc.a(multf3.o)
 .debug_line    0x000000000001b51c     0x2181 c:/idrotttek-kurs/toolchain-gd32v-win/compiler/bin/../lib/gcc/riscv64-unknown-elf/8.3.0/rv32imac/ilp32\libgcc.a(subtf3.o)
 .debug_line    0x000000000001d69d      0x2b7 c:/idrotttek-kurs/toolchain-gd32v-win/compiler/bin/../lib/gcc/riscv64-unknown-elf/8.3.0/rv32imac/ilp32\libgcc.a(fixtfsi.o)
 .debug_line    0x000000000001d954      0x2d6 c:/idrotttek-kurs/toolchain-gd32v-win/compiler/bin/../lib/gcc/riscv64-unknown-elf/8.3.0/rv32imac/ilp32\libgcc.a(floatsitf.o)
 .debug_line    0x000000000001dc2a      0x468 c:/idrotttek-kurs/toolchain-gd32v-win/compiler/bin/../lib/gcc/riscv64-unknown-elf/8.3.0/rv32imac/ilp32\libgcc.a(extenddftf2.o)
 .debug_line    0x000000000001e092      0x584 c:/idrotttek-kurs/toolchain-gd32v-win/compiler/bin/../lib/gcc/riscv64-unknown-elf/8.3.0/rv32imac/ilp32\libgcc.a(trunctfdf2.o)

.debug_str      0x0000000000000000     0x4c0e
 .debug_str     0x0000000000000000      0x6f2 build/gd32vf103_spi.o
                                        0x765 (size before relaxing)
 .debug_str     0x00000000000006f2      0xa48 build/gd32vf103_rcu.o
                                        0xe00 (size before relaxing)
 .debug_str     0x000000000000113a      0x20e build/gd32vf103_gpio.o
                                        0x599 (size before relaxing)
 .debug_str     0x0000000000001348      0xb18 build/gd32vf103_timer.o
                                        0xedd (size before relaxing)
 .debug_str     0x0000000000001e60      0x614 build/gd32vf103_i2c.o
                                        0x9d1 (size before relaxing)
 .debug_str     0x0000000000002474       0xa4 build/system_gd32vf103.o
                                        0x26b (size before relaxing)
 .debug_str     0x0000000000002518       0x65 build/write_hex.o
                                        0x1d3 (size before relaxing)
 .debug_str     0x000000000000257d       0x48 build/sbrk.o
                                        0x133 (size before relaxing)
 .debug_str     0x00000000000025c5       0x36 build/_exit.o
                                        0x1c2 (size before relaxing)
 .debug_str     0x00000000000025fb      0x737 build/n200_func.o
                                        0x977 (size before relaxing)
 .debug_str     0x0000000000002d32       0x56 build/handlers.o
                                        0x5d0 (size before relaxing)
 .debug_str     0x0000000000002d88      0x3e5 build/init.o
                                        0x9a0 (size before relaxing)
 .debug_str     0x000000000000316d       0x59 build/delay.o
                                        0x239 (size before relaxing)
 .debug_str     0x00000000000031c6       0x66 build/tf_delay.o
                                        0x212 (size before relaxing)
 .debug_str     0x000000000000322c      0x160 build/tf_card.o
                                        0x9c7 (size before relaxing)
 .debug_str     0x000000000000338c       0x58 build/gd32v_tf_card_if.o
                                        0x5ee (size before relaxing)
 .debug_str     0x00000000000033e4      0x3d6 build/ff.o
                                        0x623 (size before relaxing)
 .debug_str     0x00000000000037ba      0x113 build/mpu6500_driver.o
                                        0x68a (size before relaxing)
 .debug_str     0x00000000000038cd       0x89 build/gd32v_mpu6500_if.o
                                        0x85b (size before relaxing)
 .debug_str     0x0000000000003956       0x68 build/pwm.o
                                        0x55a (size before relaxing)
 .debug_str     0x00000000000039be       0xa8 build/main.o
                                        0xac2 (size before relaxing)
 .debug_str     0x0000000000003a66       0x35 build/start.o
                                         0x75 (size before relaxing)
 .debug_str     0x0000000000003a9b       0x29 build/entry.o
                                         0x75 (size before relaxing)
 .debug_str     0x0000000000003ac4      0x3c7 c:/idrotttek-kurs/toolchain-gd32v-win/compiler/bin/../lib/gcc/riscv64-unknown-elf/8.3.0/rv32imac/ilp32\libgcc.a(divdf3.o)
                                        0x452 (size before relaxing)
 .debug_str     0x0000000000003e8b       0x7b c:/idrotttek-kurs/toolchain-gd32v-win/compiler/bin/../lib/gcc/riscv64-unknown-elf/8.3.0/rv32imac/ilp32\libgcc.a(gedf2.o)
                                        0x2ce (size before relaxing)
 .debug_str     0x0000000000003f06       0x38 c:/idrotttek-kurs/toolchain-gd32v-win/compiler/bin/../lib/gcc/riscv64-unknown-elf/8.3.0/rv32imac/ilp32\libgcc.a(ledf2.o)
                                        0x2ce (size before relaxing)
 .debug_str     0x0000000000003f3e      0x15f c:/idrotttek-kurs/toolchain-gd32v-win/compiler/bin/../lib/gcc/riscv64-unknown-elf/8.3.0/rv32imac/ilp32\libgcc.a(muldf3.o)
                                        0x4aa (size before relaxing)
 .debug_str     0x000000000000409d       0xf9 c:/idrotttek-kurs/toolchain-gd32v-win/compiler/bin/../lib/gcc/riscv64-unknown-elf/8.3.0/rv32imac/ilp32\libgcc.a(floatsidf.o)
                                        0x33d (size before relaxing)
 .debug_str     0x0000000000004196       0x44 c:/idrotttek-kurs/toolchain-gd32v-win/compiler/bin/../lib/gcc/riscv64-unknown-elf/8.3.0/rv32imac/ilp32\libgcc.a(floatunsidf.o)
                                        0x33a (size before relaxing)
 .debug_str     0x00000000000041da       0x4c c:/idrotttek-kurs/toolchain-gd32v-win/compiler/bin/../lib/gcc/riscv64-unknown-elf/8.3.0/rv32imac/ilp32\libgcc.a(floatundidf.o)
                                        0x344 (size before relaxing)
 .debug_str     0x0000000000004226       0xc3 c:/idrotttek-kurs/toolchain-gd32v-win/compiler/bin/../lib/gcc/riscv64-unknown-elf/8.3.0/rv32imac/ilp32\libgcc.a(mulsf3.o)
                                        0x378 (size before relaxing)
 .debug_str     0x00000000000042e9       0x55 c:/idrotttek-kurs/toolchain-gd32v-win/compiler/bin/../lib/gcc/riscv64-unknown-elf/8.3.0/rv32imac/ilp32\libgcc.a(floatsisf.o)
                                        0x31e (size before relaxing)
 .debug_str     0x000000000000433e       0x51 c:/idrotttek-kurs/toolchain-gd32v-win/compiler/bin/../lib/gcc/riscv64-unknown-elf/8.3.0/rv32imac/ilp32\libgcc.a(extendsfdf2.o)
                                        0x2cb (size before relaxing)
 .debug_str     0x000000000000438f      0x20e c:/idrotttek-kurs/toolchain-gd32v-win/compiler/bin/../lib/gcc/riscv64-unknown-elf/8.3.0/rv32imac/ilp32\libgcc.a(_lshrdi3.o)
                                        0x860 (size before relaxing)
 .debug_str     0x000000000000459d        0xa c:/idrotttek-kurs/toolchain-gd32v-win/compiler/bin/../lib/gcc/riscv64-unknown-elf/8.3.0/rv32imac/ilp32\libgcc.a(_ashldi3.o)
                                        0x860 (size before relaxing)
 .debug_str     0x00000000000045a7        0xe c:/idrotttek-kurs/toolchain-gd32v-win/compiler/bin/../lib/gcc/riscv64-unknown-elf/8.3.0/rv32imac/ilp32\libgcc.a(_clzsi2.o)
                                        0x82e (size before relaxing)
 .debug_str     0x00000000000045b5      0x811 c:/idrotttek-kurs/toolchain-gd32v-win/compiler/bin/../lib/gcc/riscv64-unknown-elf/8.3.0/rv32imac/ilp32\libgcc.a(_clz.o)
 .debug_str     0x00000000000045b5       0xce c:/idrotttek-kurs/toolchain-gd32v-win/compiler/bin/../lib/gcc/riscv64-unknown-elf/8.3.0/rv32imac/ilp32\libgcc.a(_udivdi3.o)
                                        0x8ca (size before relaxing)
 .debug_str     0x0000000000004683        0xa c:/idrotttek-kurs/toolchain-gd32v-win/compiler/bin/../lib/gcc/riscv64-unknown-elf/8.3.0/rv32imac/ilp32\libgcc.a(_umoddi3.o)
                                        0x8ca (size before relaxing)
 .debug_str     0x000000000000468d       0x6c c:/idrotttek-kurs/toolchain-gd32v-win/compiler/bin/../lib/gcc/riscv64-unknown-elf/8.3.0/rv32imac/ilp32\libgcc.a(eqtf2.o)
                                        0x2a7 (size before relaxing)
 .debug_str     0x00000000000046f9       0x38 c:/idrotttek-kurs/toolchain-gd32v-win/compiler/bin/../lib/gcc/riscv64-unknown-elf/8.3.0/rv32imac/ilp32\libgcc.a(getf2.o)
                                        0x2cb (size before relaxing)
 .debug_str     0x0000000000004731       0x38 c:/idrotttek-kurs/toolchain-gd32v-win/compiler/bin/../lib/gcc/riscv64-unknown-elf/8.3.0/rv32imac/ilp32\libgcc.a(letf2.o)
                                        0x2cb (size before relaxing)
 .debug_str     0x0000000000004769      0x282 c:/idrotttek-kurs/toolchain-gd32v-win/compiler/bin/../lib/gcc/riscv64-unknown-elf/8.3.0/rv32imac/ilp32\libgcc.a(multf3.o)
                                        0x631 (size before relaxing)
 .debug_str     0x00000000000049eb      0x10e c:/idrotttek-kurs/toolchain-gd32v-win/compiler/bin/../lib/gcc/riscv64-unknown-elf/8.3.0/rv32imac/ilp32\libgcc.a(subtf3.o)
                                        0x4fe (size before relaxing)
 .debug_str     0x0000000000004af9       0x4f c:/idrotttek-kurs/toolchain-gd32v-win/compiler/bin/../lib/gcc/riscv64-unknown-elf/8.3.0/rv32imac/ilp32\libgcc.a(fixtfsi.o)
                                        0x30f (size before relaxing)
 .debug_str     0x0000000000004b48       0x40 c:/idrotttek-kurs/toolchain-gd32v-win/compiler/bin/../lib/gcc/riscv64-unknown-elf/8.3.0/rv32imac/ilp32\libgcc.a(floatsitf.o)
                                        0x3d6 (size before relaxing)
 .debug_str     0x0000000000004b88       0x44 c:/idrotttek-kurs/toolchain-gd32v-win/compiler/bin/../lib/gcc/riscv64-unknown-elf/8.3.0/rv32imac/ilp32\libgcc.a(extenddftf2.o)
                                        0x323 (size before relaxing)
 .debug_str     0x0000000000004bcc       0x42 c:/idrotttek-kurs/toolchain-gd32v-win/compiler/bin/../lib/gcc/riscv64-unknown-elf/8.3.0/rv32imac/ilp32\libgcc.a(trunctfdf2.o)
                                        0x45a (size before relaxing)

.comment        0x0000000000000000       0x28
 .comment       0x0000000000000000       0x28 build/gd32vf103_spi.o
                                         0x29 (size before relaxing)
 .comment       0x0000000000000028       0x29 build/gd32vf103_rcu.o
 .comment       0x0000000000000028       0x29 build/gd32vf103_gpio.o
 .comment       0x0000000000000028       0x29 build/gd32vf103_timer.o
 .comment       0x0000000000000028       0x29 build/gd32vf103_i2c.o
 .comment       0x0000000000000028       0x29 build/system_gd32vf103.o
 .comment       0x0000000000000028       0x29 build/write_hex.o
 .comment       0x0000000000000028       0x29 build/sbrk.o
 .comment       0x0000000000000028       0x29 build/_exit.o
 .comment       0x0000000000000028       0x29 build/n200_func.o
 .comment       0x0000000000000028       0x29 build/handlers.o
 .comment       0x0000000000000028       0x29 build/init.o
 .comment       0x0000000000000028       0x29 build/delay.o
 .comment       0x0000000000000028       0x29 build/tf_delay.o
 .comment       0x0000000000000028       0x29 build/tf_card.o
 .comment       0x0000000000000028       0x29 build/gd32v_tf_card_if.o
 .comment       0x0000000000000028       0x29 build/ff.o
 .comment       0x0000000000000028       0x29 build/mpu6500_driver.o
 .comment       0x0000000000000028       0x29 build/gd32v_mpu6500_if.o
 .comment       0x0000000000000028       0x29 build/pwm.o
 .comment       0x0000000000000028       0x29 build/main.o
 .comment       0x0000000000000028       0x29 c:/idrotttek-kurs/toolchain-gd32v-win/compiler/bin/../lib/gcc/riscv64-unknown-elf/8.3.0/rv32imac/ilp32\libgcc.a(divdf3.o)
 .comment       0x0000000000000028       0x29 c:/idrotttek-kurs/toolchain-gd32v-win/compiler/bin/../lib/gcc/riscv64-unknown-elf/8.3.0/rv32imac/ilp32\libgcc.a(gedf2.o)
 .comment       0x0000000000000028       0x29 c:/idrotttek-kurs/toolchain-gd32v-win/compiler/bin/../lib/gcc/riscv64-unknown-elf/8.3.0/rv32imac/ilp32\libgcc.a(ledf2.o)
 .comment       0x0000000000000028       0x29 c:/idrotttek-kurs/toolchain-gd32v-win/compiler/bin/../lib/gcc/riscv64-unknown-elf/8.3.0/rv32imac/ilp32\libgcc.a(muldf3.o)
 .comment       0x0000000000000028       0x29 c:/idrotttek-kurs/toolchain-gd32v-win/compiler/bin/../lib/gcc/riscv64-unknown-elf/8.3.0/rv32imac/ilp32\libgcc.a(floatsidf.o)
 .comment       0x0000000000000028       0x29 c:/idrotttek-kurs/toolchain-gd32v-win/compiler/bin/../lib/gcc/riscv64-unknown-elf/8.3.0/rv32imac/ilp32\libgcc.a(floatunsidf.o)
 .comment       0x0000000000000028       0x29 c:/idrotttek-kurs/toolchain-gd32v-win/compiler/bin/../lib/gcc/riscv64-unknown-elf/8.3.0/rv32imac/ilp32\libgcc.a(floatundidf.o)
 .comment       0x0000000000000028       0x29 c:/idrotttek-kurs/toolchain-gd32v-win/compiler/bin/../lib/gcc/riscv64-unknown-elf/8.3.0/rv32imac/ilp32\libgcc.a(mulsf3.o)
 .comment       0x0000000000000028       0x29 c:/idrotttek-kurs/toolchain-gd32v-win/compiler/bin/../lib/gcc/riscv64-unknown-elf/8.3.0/rv32imac/ilp32\libgcc.a(floatsisf.o)
 .comment       0x0000000000000028       0x29 c:/idrotttek-kurs/toolchain-gd32v-win/compiler/bin/../lib/gcc/riscv64-unknown-elf/8.3.0/rv32imac/ilp32\libgcc.a(extendsfdf2.o)
 .comment       0x0000000000000028       0x29 c:/idrotttek-kurs/toolchain-gd32v-win/compiler/bin/../lib/gcc/riscv64-unknown-elf/8.3.0/rv32imac/ilp32\libgcc.a(_lshrdi3.o)
 .comment       0x0000000000000028       0x29 c:/idrotttek-kurs/toolchain-gd32v-win/compiler/bin/../lib/gcc/riscv64-unknown-elf/8.3.0/rv32imac/ilp32\libgcc.a(_ashldi3.o)
 .comment       0x0000000000000028       0x29 c:/idrotttek-kurs/toolchain-gd32v-win/compiler/bin/../lib/gcc/riscv64-unknown-elf/8.3.0/rv32imac/ilp32\libgcc.a(_clzsi2.o)
 .comment       0x0000000000000028       0x29 c:/idrotttek-kurs/toolchain-gd32v-win/compiler/bin/../lib/gcc/riscv64-unknown-elf/8.3.0/rv32imac/ilp32\libgcc.a(_clz.o)
 .comment       0x0000000000000028       0x29 c:/idrotttek-kurs/toolchain-gd32v-win/compiler/bin/../lib/gcc/riscv64-unknown-elf/8.3.0/../../../../riscv64-unknown-elf/lib/rv32imac/ilp32\libc.a(lib_a-atexit.o)
 .comment       0x0000000000000028       0x29 c:/idrotttek-kurs/toolchain-gd32v-win/compiler/bin/../lib/gcc/riscv64-unknown-elf/8.3.0/../../../../riscv64-unknown-elf/lib/rv32imac/ilp32\libc.a(lib_a-exit.o)
 .comment       0x0000000000000028       0x29 c:/idrotttek-kurs/toolchain-gd32v-win/compiler/bin/../lib/gcc/riscv64-unknown-elf/8.3.0/../../../../riscv64-unknown-elf/lib/rv32imac/ilp32\libc.a(lib_a-fini.o)
 .comment       0x0000000000000028       0x29 c:/idrotttek-kurs/toolchain-gd32v-win/compiler/bin/../lib/gcc/riscv64-unknown-elf/8.3.0/../../../../riscv64-unknown-elf/lib/rv32imac/ilp32\libc.a(lib_a-impure.o)
 .comment       0x0000000000000028       0x29 c:/idrotttek-kurs/toolchain-gd32v-win/compiler/bin/../lib/gcc/riscv64-unknown-elf/8.3.0/../../../../riscv64-unknown-elf/lib/rv32imac/ilp32\libc.a(lib_a-init.o)
 .comment       0x0000000000000028       0x29 c:/idrotttek-kurs/toolchain-gd32v-win/compiler/bin/../lib/gcc/riscv64-unknown-elf/8.3.0/../../../../riscv64-unknown-elf/lib/rv32imac/ilp32\libc.a(lib_a-sprintf.o)
 .comment       0x0000000000000028       0x29 c:/idrotttek-kurs/toolchain-gd32v-win/compiler/bin/../lib/gcc/riscv64-unknown-elf/8.3.0/../../../../riscv64-unknown-elf/lib/rv32imac/ilp32\libc.a(lib_a-strlen.o)
 .comment       0x0000000000000028       0x29 c:/idrotttek-kurs/toolchain-gd32v-win/compiler/bin/../lib/gcc/riscv64-unknown-elf/8.3.0/../../../../riscv64-unknown-elf/lib/rv32imac/ilp32\libc.a(lib_a-svfprintf.o)